Archive member included because of file (symbol)

/media/data/coding/GSoC/AVT/optic-flow/optic-flow/mbed/LPC1768/GCC_CR/libmbed.a(gpio_api.o)
                              ./main.o (gpio_init)
/media/data/coding/GSoC/AVT/optic-flow/optic-flow/mbed/LPC1768/GCC_CR/libmbed.a(pinmap.o)
                              /media/data/coding/GSoC/AVT/optic-flow/optic-flow/mbed/LPC1768/GCC_CR/libmbed.a(gpio_api.o) (pin_function)
/media/data/coding/GSoC/AVT/optic-flow/optic-flow/mbed/LPC1768/GCC_CR/libmbed.a(wait_api.o)
                              ./main.o (wait)
/media/data/coding/GSoC/AVT/optic-flow/optic-flow/mbed/LPC1768/GCC_CR/libmbed.a(Serial.o)
                              ./main.o (_ZN4mbed6SerialC1E7PinNameS1_PKc)
/media/data/coding/GSoC/AVT/optic-flow/optic-flow/mbed/LPC1768/GCC_CR/libmbed.a(SPI.o)
                              ./main.o (_ZN4mbed3SPIC1E7PinNameS1_S1_)
/media/data/coding/GSoC/AVT/optic-flow/optic-flow/mbed/LPC1768/GCC_CR/libmbed.a(stdio.o)
                              /media/data/coding/GSoC/AVT/optic-flow/optic-flow/mbed/LPC1768/GCC_CR/system_LPC17xx.o (stdio_retargeting_module)
/media/data/coding/GSoC/AVT/optic-flow/optic-flow/mbed/LPC1768/GCC_CR/libmbed.a(Stream.o)
                              /media/data/coding/GSoC/AVT/optic-flow/optic-flow/mbed/LPC1768/GCC_CR/libmbed.a(Serial.o) (_ZN4mbed6Stream5closeEv)
/media/data/coding/GSoC/AVT/optic-flow/optic-flow/mbed/LPC1768/GCC_CR/libmbed.a(serial_api.o)
                              /media/data/coding/GSoC/AVT/optic-flow/optic-flow/mbed/LPC1768/GCC_CR/libmbed.a(Serial.o) (serial_baud)
/media/data/coding/GSoC/AVT/optic-flow/optic-flow/mbed/LPC1768/GCC_CR/libmbed.a(spi_api.o)
                              /media/data/coding/GSoC/AVT/optic-flow/optic-flow/mbed/LPC1768/GCC_CR/libmbed.a(SPI.o) (spi_format)
/media/data/coding/GSoC/AVT/optic-flow/optic-flow/mbed/LPC1768/GCC_CR/libmbed.a(us_ticker.o)
                              /media/data/coding/GSoC/AVT/optic-flow/optic-flow/mbed/LPC1768/GCC_CR/libmbed.a(wait_api.o) (us_ticker_read)
/media/data/coding/GSoC/AVT/optic-flow/optic-flow/mbed/LPC1768/GCC_CR/libmbed.a(exit.o)
                              /media/data/coding/GSoC/AVT/optic-flow/optic-flow/mbed/LPC1768/GCC_CR/libmbed.a(stdio.o) (exit)
/media/data/coding/GSoC/AVT/optic-flow/optic-flow/mbed/LPC1768/GCC_CR/libmbed.a(mbed_interface.o)
                              /media/data/coding/GSoC/AVT/optic-flow/optic-flow/mbed/LPC1768/GCC_CR/libmbed.a(exit.o) (mbed_interface_connected)
/media/data/coding/GSoC/AVT/optic-flow/optic-flow/mbed/LPC1768/GCC_CR/libmbed.a(pinmap_common.o)
                              /media/data/coding/GSoC/AVT/optic-flow/optic-flow/mbed/LPC1768/GCC_CR/libmbed.a(serial_api.o) (pinmap_pinout)
/media/data/coding/GSoC/AVT/optic-flow/optic-flow/mbed/LPC1768/GCC_CR/libmbed.a(semihost_api.o)
                              /media/data/coding/GSoC/AVT/optic-flow/optic-flow/mbed/LPC1768/GCC_CR/libmbed.a(exit.o) (semihost_exit)
/media/data/coding/GSoC/AVT/optic-flow/optic-flow/mbed/LPC1768/GCC_CR/libmbed.a(us_ticker_api.o)
                              /media/data/coding/GSoC/AVT/optic-flow/optic-flow/mbed/LPC1768/GCC_CR/libmbed.a(us_ticker.o) (us_ticker_irq_handler)
/media/data/coding/GSoC/AVT/optic-flow/optic-flow/mbed/LPC1768/GCC_CR/libmbed.a(FileLike.o)
                              /media/data/coding/GSoC/AVT/optic-flow/optic-flow/mbed/LPC1768/GCC_CR/libmbed.a(Stream.o) (_ZN4mbed8FileLikeD2Ev)
/media/data/coding/GSoC/AVT/optic-flow/optic-flow/mbed/LPC1768/GCC_CR/libmbed.a(FilePath.o)
                              /media/data/coding/GSoC/AVT/optic-flow/optic-flow/mbed/LPC1768/GCC_CR/libmbed.a(stdio.o) (_ZN4mbed8FilePathC1EPKc)
/media/data/coding/GSoC/AVT/optic-flow/optic-flow/mbed/LPC1768/GCC_CR/libmbed.a(FileSystemLike.o)
                              /media/data/coding/GSoC/AVT/optic-flow/optic-flow/mbed/LPC1768/GCC_CR/libmbed.a(stdio.o) (_ZN4mbed14FileSystemLike7opendirEv)
/media/data/coding/GSoC/AVT/optic-flow/optic-flow/mbed/LPC1768/GCC_CR/libmbed.a(FunctionPointer.o)
                              /media/data/coding/GSoC/AVT/optic-flow/optic-flow/mbed/LPC1768/GCC_CR/libmbed.a(Serial.o) (_ZN4mbed15FunctionPointerC1EPFvvE)
/media/data/coding/GSoC/AVT/optic-flow/optic-flow/mbed/LPC1768/GCC_CR/libmbed.a(semihost.o)
                              /media/data/coding/GSoC/AVT/optic-flow/optic-flow/mbed/LPC1768/GCC_CR/libmbed.a(mbed_interface.o) (semihost_connected)
/media/data/coding/GSoC/AVT/optic-flow/optic-flow/mbed/LPC1768/GCC_CR/libmbed.a(board.o)
                              /media/data/coding/GSoC/AVT/optic-flow/optic-flow/mbed/LPC1768/GCC_CR/libmbed.a(exit.o) (mbed_die)
/media/data/coding/GSoC/AVT/optic-flow/optic-flow/mbed/LPC1768/GCC_CR/libmbed.a(FileBase.o)
                              /media/data/coding/GSoC/AVT/optic-flow/optic-flow/mbed/LPC1768/GCC_CR/libmbed.a(FileLike.o) (_ZN4mbed8FileBaseD2Ev)
/usr/local/lpcxpresso_5.2.4_2122/lpcxpresso/tools/bin/../lib/gcc/arm-none-eabi/4.6.2/armv7-m/libgcc.a(_arm_addsubdf3.o)
[...]
Memory Configuration

Name             Origin             Length             Attributes
MFlash512        0x00000000         0x00080000         xr
RamLoc32         0x100000c8         0x00007f38         xrw
RamAHB32         0x2007c000         0x00008000         xrw
*default*        0x00000000         0xffffffff

Linker script and memory map

LOAD ./main.o
LOAD /media/data/coding/GSoC/AVT/optic-flow/optic-flow/mbed/LPC1768/GCC_CR/cmsis_nvic.o
LOAD /media/data/coding/GSoC/AVT/optic-flow/optic-flow/mbed/LPC1768/GCC_CR/system_LPC17xx.o
LOAD /media/data/coding/GSoC/AVT/optic-flow/optic-flow/mbed/LPC1768/GCC_CR/core_cm3.o
LOAD /media/data/coding/GSoC/AVT/optic-flow/optic-flow/mbed/LPC1768/GCC_CR/startup_LPC17xx.o
LOAD /media/data/coding/GSoC/AVT/optic-flow/optic-flow/mbed/LPC1768/GCC_CR/libmbed.a
START GROUP
LOAD /usr/local/lpcxpresso_5.2.4_2122/lpcxpresso/tools/bin/../lib/gcc/arm-none-eabi/4.6.2/armv7-m/libgcc.a
LOAD /usr/local/lpcxpresso_5.2.4_2122/lpcxpresso/tools/bin/../lib/gcc/arm-none-eabi/4.6.2/../../../../arm-none-eabi/lib/armv7-m/libc.a
LOAD /usr/local/lpcxpresso_5.2.4_2122/lpcxpresso/tools/bin/../lib/gcc/arm-none-eabi/4.6.2/../../../../arm-none-eabi/lib/armv7-m/libstdc++.a
LOAD /usr/local/lpcxpresso_5.2.4_2122/lpcxpresso/tools/bin/../lib/gcc/arm-none-eabi/4.6.2/../../../../arm-none-eabi/lib/armv7-m/libm.a
LOAD /usr/local/lpcxpresso_5.2.4_2122/lpcxpresso/tools/bin/../lib/gcc/arm-none-eabi/4.6.2/../../../../arm-none-eabi/lib/armv7-m/libcr_newlib_nohost.a
LOAD /usr/local/lpcxpresso_5.2.4_2122/lpcxpresso/tools/bin/../lib/gcc/arm-none-eabi/4.6.2/armv7-m/crti.o
LOAD /usr/local/lpcxpresso_5.2.4_2122/lpcxpresso/tools/bin/../lib/gcc/arm-none-eabi/4.6.2/armv7-m/crtn.o
LOAD /usr/local/lpcxpresso_5.2.4_2122/lpcxpresso/tools/bin/../lib/gcc/arm-none-eabi/4.6.2/armv7-m/crtbegin.o
LOAD /usr/local/lpcxpresso_5.2.4_2122/lpcxpresso/tools/bin/../lib/gcc/arm-none-eabi/4.6.2/armv7-m/crtend.o
END GROUP
                0x00080000                __top_MFlash512 = 0x80000
                0x10008000                __top_RamLoc32 = 0x10008000
                0x20084000                __top_RamAHB32 = 0x20084000

.text           0x00000000    0x10198
 FILL mask 0xff
 *(.isr_vector)
 .isr_vector    0x00000000       0xcc /media/data/coding/GSoC/AVT/optic-flow/optic-flow/mbed/LPC1768/GCC_CR/startup_LPC17xx.o
                0x00000000                g_pfnVectors
                0x000000cc                . = ALIGN (0x4)
                0x000000cc                __section_table_start = .
                0x000000cc                __data_section_table = .
                0x000000cc        0x4 LONG 0x103d0 LOADADDR (.data)
                0x000000d0        0x4 LONG 0x100000c8 ADDR (.data)
                0x000000d4        0x4 LONG 0x8e0 SIZEOF (.data)
                0x000000d8        0x4 LONG 0x103d0 LOADADDR (.data_RAM2)
                0x000000dc        0x4 LONG 0x2007c000 ADDR (.data_RAM2)
                0x000000e0        0x4 LONG 0x0 SIZEOF (.data_RAM2)
                0x000000e4                __data_section_table_end = .
                0x000000e4                __bss_section_table = .
                0x000000e4        0x4 LONG 0x100009a8 ADDR (.bss)
                0x000000e8        0x4 LONG 0xb2c SIZEOF (.bss)
                0x000000ec        0x4 LONG 0x2007c000 ADDR (.bss_RAM2)
                0x000000f0        0x4 LONG 0x0 SIZEOF (.bss_RAM2)
                0x000000f4                __bss_section_table_end = .
                0x000000f4                __section_table_end = .
 *(.after_vectors*)
 .after_vectors
                0x000000f4       0xf4 /media/data/coding/GSoC/AVT/optic-flow/optic-flow/mbed/LPC1768/GCC_CR/startup_LPC17xx.o
                0x000000f4                NMI_Handler
                0x000000f8                HardFault_Handler
                0x000000fc                MemManage_Handler
                0x00000100                BusFault_Handler
                0x00000104                UsageFault_Handler
                0x00000108                SVCall_Handler
                0x0000010c                DebugMon_Handler
                0x00000110                PendSV_Handler
                0x00000114                SysTick_Handler
                0x00000118                ResetISR
                0x00000180                data_init
                0x000001b4                bss_init
                0x000001e4                TIMER2_IRQHandler
                0x000001e4                RIT_IRQHandler
                0x000001e4                I2C0_IRQHandler
                0x000001e4                USBActivity_IRQHandler
                0x000001e4                PWM1_IRQHandler
                0x000001e4                I2C1_IRQHandler
                0x000001e4                EINT2_IRQHandler
                0x000001e4                UART1_IRQHandler
                0x000001e4                EINT3_IRQHandler
                0x000001e4                CANActivity_IRQHandler
                0x000001e4                TIMER3_IRQHandler
                0x000001e4                UART0_IRQHandler
                0x000001e4                IntDefaultHandler
                0x000001e4                PLL0_IRQHandler
                0x000001e4                CAN_IRQHandler
                0x000001e4                PLL1_IRQHandler
                0x000001e4                SSP0_IRQHandler
                0x000001e4                I2S_IRQHandler
                0x000001e4                I2C2_IRQHandler
                0x000001e4                RTC_IRQHandler
                0x000001e4                TIMER0_IRQHandler
                0x000001e4                SPI_IRQHandler
                0x000001e4                EINT1_IRQHandler
                0x000001e4                TIMER1_IRQHandler
                0x000001e4                UART2_IRQHandler
                0x000001e4                ADC_IRQHandler
                0x000001e4                SSP1_IRQHandler
                0x000001e4                USB_IRQHandler
                0x000001e4                BOD_IRQHandler
                0x000001e4                WDT_IRQHandler
                0x000001e4                QEI_IRQHandler
                0x000001e4                EINT0_IRQHandler
                0x000001e4                DMA_IRQHandler
                0x000001e4                UART3_IRQHandler
                0x000001e4                MCPWM_IRQHandler
                0x000001e4                ENET_IRQHandler
 *(.text*)
 .text.gpio_write
                0x000001e8       0x30 ./main.o
 .text._ZN4mbed10DigitalOutC2E7PinName
                0x00000218       0x24 ./main.o
                0x00000218                _ZN4mbed10DigitalOutC1E7PinName
                0x00000218                _ZN4mbed10DigitalOutC2E7PinName
 .text._ZN4mbed10DigitalOut5writeEi
                0x0000023c       0x1c ./main.o
                0x0000023c                _ZN4mbed10DigitalOut5writeEi
 .text._ZN4mbed10DigitalOutaSEi
                0x00000258       0x20 ./main.o
                0x00000258                _ZN4mbed10DigitalOutaSEi
 .text.main     0x00000278      0x16c ./main.o
                0x00000278                main
 .text._Z13read_registeri
                0x000003e4       0x94 ./main.o
                0x000003e4                _Z13read_registeri
 .text._ZN4mbed6SerialD1Ev
                0x00000478        0x8 ./main.o
                0x00000478                _ZThn4_N4mbed6SerialD1Ev
 .text._ZN4mbed6SerialD2Ev
                0x00000480       0x44 ./main.o
                0x00000480                _ZN4mbed6SerialD1Ev
                0x00000480                _ZN4mbed6SerialD2Ev
 .text._ZN4mbed6SerialD0Ev
                0x000004c4       0x28 ./main.o
                0x000004c4                _ZThn4_N4mbed6SerialD0Ev
                0x000004cc                _ZN4mbed6SerialD0Ev
 .text._Z41__static_initialization_and_destruction_0ii
                0x000004ec       0x98 ./main.o
 .text._GLOBAL__sub_I_spi
                0x00000584       0x14 ./main.o
 .text.NVIC_SetVector
                0x00000598       0x60 /media/data/coding/GSoC/AVT/optic-flow/optic-flow/mbed/LPC1768/GCC_CR/cmsis_nvic.o
                0x00000598                NVIC_SetVector
 .text.SystemInit
                0x000005f8       0xe4 /media/data/coding/GSoC/AVT/optic-flow/optic-flow/mbed/LPC1768/GCC_CR/system_LPC17xx.o
                0x000005f8                SystemInit
 .text.__aeabi_atexit
                0x000006dc        0x4 /media/data/coding/GSoC/AVT/optic-flow/optic-flow/mbed/LPC1768/GCC_CR/startup_LPC17xx.o
                0x000006dc                __aeabi_atexit
 .text._ZdlPv   0x000006e0        0x4 /media/data/coding/GSoC/AVT/optic-flow/optic-flow/mbed/LPC1768/GCC_CR/startup_LPC17xx.o
                0x000006e0                _ZdlPv
 .text.gpio_set
                0x000006e4       0x28 /media/data/coding/GSoC/AVT/optic-flow/optic-flow/mbed/LPC1768/GCC_CR/libmbed.a(gpio_api.o)
                0x000006e4                gpio_set
 .text.gpio_dir
                0x0000070c       0x24 /media/data/coding/GSoC/AVT/optic-flow/optic-flow/mbed/LPC1768/GCC_CR/libmbed.a(gpio_api.o)
                0x0000070c                gpio_dir
 .text.gpio_init
                0x00000730       0x5c /media/data/coding/GSoC/AVT/optic-flow/optic-flow/mbed/LPC1768/GCC_CR/libmbed.a(gpio_api.o)
                0x00000730                gpio_init
 .text.pin_function
                0x0000078c       0x48 /media/data/coding/GSoC/AVT/optic-flow/optic-flow/mbed/LPC1768/GCC_CR/libmbed.a(pinmap.o)
                0x0000078c                pin_function
 .text.pin_mode
                0x000007d4       0x70 /media/data/coding/GSoC/AVT/optic-flow/optic-flow/mbed/LPC1768/GCC_CR/libmbed.a(pinmap.o)
                0x000007d4                pin_mode
 .text.wait_us  0x00000844       0x18 /media/data/coding/GSoC/AVT/optic-flow/optic-flow/mbed/LPC1768/GCC_CR/libmbed.a(wait_api.o)
                0x00000844                wait_us
 .text.wait_ms  0x0000085c        0xc /media/data/coding/GSoC/AVT/optic-flow/optic-flow/mbed/LPC1768/GCC_CR/libmbed.a(wait_api.o)
                0x0000085c                wait_ms
 .text.wait     0x00000868       0x28 /media/data/coding/GSoC/AVT/optic-flow/optic-flow/mbed/LPC1768/GCC_CR/libmbed.a(wait_api.o)
                0x00000868                wait
 .text._ZN4mbed6Serial5_putcEi
                0x00000890       0x10 /media/data/coding/GSoC/AVT/optic-flow/optic-flow/mbed/LPC1768/GCC_CR/libmbed.a(Serial.o)
                0x00000890                _ZN4mbed6Serial5_putcEi
 .text._ZN4mbed6Serial5_getcEv
                0x000008a0        0x8 /media/data/coding/GSoC/AVT/optic-flow/optic-flow/mbed/LPC1768/GCC_CR/libmbed.a(Serial.o)
                0x000008a0                _ZN4mbed6Serial5_getcEv
 .text._ZN4mbed6Serial12_irq_handlerEm9SerialIrq
                0x000008a8       0x10 /media/data/coding/GSoC/AVT/optic-flow/optic-flow/mbed/LPC1768/GCC_CR/libmbed.a(Serial.o)
                0x000008a8                _ZN4mbed6Serial12_irq_handlerEm9SerialIrq
 .text._ZN4mbed6SerialC2E7PinNameS1_PKc
                0x000008b8       0x58 /media/data/coding/GSoC/AVT/optic-flow/optic-flow/mbed/LPC1768/GCC_CR/libmbed.a(Serial.o)
                0x000008b8                _ZN4mbed6SerialC2E7PinNameS1_PKc
                0x000008b8                _ZN4mbed6SerialC1E7PinNameS1_PKc
 .text._ZN4mbed3SPIC2E7PinNameS1_S1_
                0x00000910       0x4c /media/data/coding/GSoC/AVT/optic-flow/optic-flow/mbed/LPC1768/GCC_CR/libmbed.a(SPI.o)
                0x00000910                _ZN4mbed3SPIC1E7PinNameS1_S1_
                0x00000910                _ZN4mbed3SPIC2E7PinNameS1_S1_
 .text._ZN4mbed3SPI6aquireEv
                0x0000095c       0x2c /media/data/coding/GSoC/AVT/optic-flow/optic-flow/mbed/LPC1768/GCC_CR/libmbed.a(SPI.o)
                0x0000095c                _ZN4mbed3SPI6aquireEv
 .text._ZN4mbed3SPI5writeEi
                0x00000988       0x18 /media/data/coding/GSoC/AVT/optic-flow/optic-flow/mbed/LPC1768/GCC_CR/libmbed.a(SPI.o)
                0x00000988                _ZN4mbed3SPI5writeEi
 .text._ZN4mbed3SPI9frequencyEi
                0x000009a0       0x14 /media/data/coding/GSoC/AVT/optic-flow/optic-flow/mbed/LPC1768/GCC_CR/libmbed.a(SPI.o)
                0x000009a0                _ZN4mbed3SPI9frequencyEi
 .text._ZN4mbed3SPI6formatEii
                0x000009b4       0x1c /media/data/coding/GSoC/AVT/optic-flow/optic-flow/mbed/LPC1768/GCC_CR/libmbed.a(SPI.o)
                0x000009b4                _ZN4mbed3SPI6formatEii
 .text._ZN4mbed10FileHandle4flenEv
                0x000009d0       0x38 /media/data/coding/GSoC/AVT/optic-flow/optic-flow/mbed/LPC1768/GCC_CR/libmbed.a(stdio.o)
                0x000009d0                _ZN4mbed10FileHandle4flenEv
 .text._ZN4mbed10FileHandleD2Ev
                0x00000a08       0x44 /media/data/coding/GSoC/AVT/optic-flow/optic-flow/mbed/LPC1768/GCC_CR/libmbed.a(stdio.o)
                0x00000a08                _ZN4mbed10FileHandleD1Ev
                0x00000a08                _ZN4mbed10FileHandleD2Ev
 .text._ZL11init_serialv
                0x00000a4c       0x2c /media/data/coding/GSoC/AVT/optic-flow/optic-flow/mbed/LPC1768/GCC_CR/libmbed.a(stdio.o)
 .text._ZN4mbed10FileHandleD0Ev
                0x00000a78       0x4c /media/data/coding/GSoC/AVT/optic-flow/optic-flow/mbed/LPC1768/GCC_CR/libmbed.a(stdio.o)
                0x00000a78                _ZN4mbed10FileHandleD0Ev
 .text._open    0x00000ac4       0xdc /media/data/coding/GSoC/AVT/optic-flow/optic-flow/mbed/LPC1768/GCC_CR/libmbed.a(stdio.o)
                0x00000ac4                _open
 .text._close   0x00000ba0       0x30 /media/data/coding/GSoC/AVT/optic-flow/optic-flow/mbed/LPC1768/GCC_CR/libmbed.a(stdio.o)
                0x00000ba0                _close
 .text._write   0x00000bd0       0x94 /media/data/coding/GSoC/AVT/optic-flow/optic-flow/mbed/LPC1768/GCC_CR/libmbed.a(stdio.o)
                0x00000bd0                _write
 .text._read    0x00000c64       0x3c /media/data/coding/GSoC/AVT/optic-flow/optic-flow/mbed/LPC1768/GCC_CR/libmbed.a(stdio.o)
                0x00000c64                _read
 .text._isatty  0x00000ca0       0x28 /media/data/coding/GSoC/AVT/optic-flow/optic-flow/mbed/LPC1768/GCC_CR/libmbed.a(stdio.o)
                0x00000ca0                _isatty
 .text._lseek   0x00000cc8       0x28 /media/data/coding/GSoC/AVT/optic-flow/optic-flow/mbed/LPC1768/GCC_CR/libmbed.a(stdio.o)
                0x00000cc8                _lseek
 .text._fstat   0x00000cf0       0x20 /media/data/coding/GSoC/AVT/optic-flow/optic-flow/mbed/LPC1768/GCC_CR/libmbed.a(stdio.o)
                0x00000cf0                _fstat
 .text._ZN9__gnu_cxx27__verbose_terminate_handlerEv
                0x00000d10       0x20 /media/data/coding/GSoC/AVT/optic-flow/optic-flow/mbed/LPC1768/GCC_CR/libmbed.a(stdio.o)
                0x00000d10                _ZN9__gnu_cxx27__verbose_terminate_handlerEv
 .text._ZN4mbed6Stream5closeEv
                0x00000d30        0x4 /media/data/coding/GSoC/AVT/optic-flow/optic-flow/mbed/LPC1768/GCC_CR/libmbed.a(Stream.o)
                0x00000d30                _ZN4mbed6Stream5closeEv
 .text._ZN4mbed6Stream5writeEPKvj
                0x00000d34       0x78 /media/data/coding/GSoC/AVT/optic-flow/optic-flow/mbed/LPC1768/GCC_CR/libmbed.a(Stream.o)
                0x00000d34                _ZN4mbed6Stream5writeEPKvj
 .text._ZN4mbed6Stream4readEPvj
                0x00000dac       0x8c /media/data/coding/GSoC/AVT/optic-flow/optic-flow/mbed/LPC1768/GCC_CR/libmbed.a(Stream.o)
                0x00000dac                _ZN4mbed6Stream4readEPvj
 .text._ZN4mbed6Stream5lseekEli
                0x00000e38        0x4 /media/data/coding/GSoC/AVT/optic-flow/optic-flow/mbed/LPC1768/GCC_CR/libmbed.a(Stream.o)
                0x00000e38                _ZN4mbed6Stream5lseekEli
 .text._ZN4mbed6Stream6isattyEv
                0x00000e3c        0x4 /media/data/coding/GSoC/AVT/optic-flow/optic-flow/mbed/LPC1768/GCC_CR/libmbed.a(Stream.o)
                0x00000e3c                _ZN4mbed6Stream6isattyEv
 .text._ZN4mbed6Stream5fsyncEv
                0x00000e40        0x4 /media/data/coding/GSoC/AVT/optic-flow/optic-flow/mbed/LPC1768/GCC_CR/libmbed.a(Stream.o)
                0x00000e40                _ZN4mbed6Stream5fsyncEv
 .text._ZN4mbed6Stream4flenEv
                0x00000e44        0x4 /media/data/coding/GSoC/AVT/optic-flow/optic-flow/mbed/LPC1768/GCC_CR/libmbed.a(Stream.o)
                0x00000e44                _ZN4mbed6Stream4flenEv
 .text._ZN4mbed6StreamD2Ev
                0x00000e48       0x28 /media/data/coding/GSoC/AVT/optic-flow/optic-flow/mbed/LPC1768/GCC_CR/libmbed.a(Stream.o)
                0x00000e48                _ZN4mbed6StreamD1Ev
                0x00000e48                _ZN4mbed6StreamD2Ev
 .text._ZThn4_N4mbed6StreamD1Ev
                0x00000e70        0x8 /media/data/coding/GSoC/AVT/optic-flow/optic-flow/mbed/LPC1768/GCC_CR/libmbed.a(Stream.o)
                0x00000e70                _ZThn4_N4mbed6StreamD1Ev
 .text._ZN4mbed6StreamD0Ev
                0x00000e78       0x14 /media/data/coding/GSoC/AVT/optic-flow/optic-flow/mbed/LPC1768/GCC_CR/libmbed.a(Stream.o)
                0x00000e78                _ZN4mbed6StreamD0Ev
 .text._ZThn4_N4mbed6StreamD0Ev
                0x00000e8c        0x8 /media/data/coding/GSoC/AVT/optic-flow/optic-flow/mbed/LPC1768/GCC_CR/libmbed.a(Stream.o)
                0x00000e8c                _ZThn4_N4mbed6StreamD0Ev
 .text._ZN4mbed6StreamC2EPKc
                0x00000e94       0x48 /media/data/coding/GSoC/AVT/optic-flow/optic-flow/mbed/LPC1768/GCC_CR/libmbed.a(Stream.o)
                0x00000e94                _ZN4mbed6StreamC1EPKc
                0x00000e94                _ZN4mbed6StreamC2EPKc
 .text._ZN4mbed6Stream6printfEPKcz
                0x00000edc       0x2c /media/data/coding/GSoC/AVT/optic-flow/optic-flow/mbed/LPC1768/GCC_CR/libmbed.a(Stream.o)
                0x00000edc                _ZN4mbed6Stream6printfEPKcz
 .text.serial_baud
                0x00000f08      0x290 /media/data/coding/GSoC/AVT/optic-flow/optic-flow/mbed/LPC1768/GCC_CR/libmbed.a(serial_api.o)
                0x00000f08                serial_baud
 .text.serial_format
                0x00001198       0xac /media/data/coding/GSoC/AVT/optic-flow/optic-flow/mbed/LPC1768/GCC_CR/libmbed.a(serial_api.o)
                0x00001198                serial_format
 .text.serial_init
                0x00001244      0x2f8 /media/data/coding/GSoC/AVT/optic-flow/optic-flow/mbed/LPC1768/GCC_CR/libmbed.a(serial_api.o)
                0x00001244                serial_init
 .text.serial_irq_handler
                0x0000153c       0x20 /media/data/coding/GSoC/AVT/optic-flow/optic-flow/mbed/LPC1768/GCC_CR/libmbed.a(serial_api.o)
                0x0000153c                serial_irq_handler
 .text.serial_getc
                0x0000155c       0x10 /media/data/coding/GSoC/AVT/optic-flow/optic-flow/mbed/LPC1768/GCC_CR/libmbed.a(serial_api.o)
                0x0000155c                serial_getc
 .text.serial_putc
                0x0000156c       0x10 /media/data/coding/GSoC/AVT/optic-flow/optic-flow/mbed/LPC1768/GCC_CR/libmbed.a(serial_api.o)
                0x0000156c                serial_putc
 .text.spi_format
                0x0000157c       0x7c /media/data/coding/GSoC/AVT/optic-flow/optic-flow/mbed/LPC1768/GCC_CR/libmbed.a(spi_api.o)
                0x0000157c                spi_format
 .text.spi_frequency
                0x000015f8      0x168 /media/data/coding/GSoC/AVT/optic-flow/optic-flow/mbed/LPC1768/GCC_CR/libmbed.a(spi_api.o)
                0x000015f8                spi_frequency
 .text.spi_init
                0x00001760      0x19c /media/data/coding/GSoC/AVT/optic-flow/optic-flow/mbed/LPC1768/GCC_CR/libmbed.a(spi_api.o)
                0x00001760                spi_init
 .text.spi_master_write
                0x000018fc       0x18 /media/data/coding/GSoC/AVT/optic-flow/optic-flow/mbed/LPC1768/GCC_CR/libmbed.a(spi_api.o)
                0x000018fc                spi_master_write
 .text.us_ticker_init
                0x00001914       0x78 /media/data/coding/GSoC/AVT/optic-flow/optic-flow/mbed/LPC1768/GCC_CR/libmbed.a(us_ticker.o)
                0x00001914                us_ticker_init
 .text.us_ticker_read
                0x0000198c       0x20 /media/data/coding/GSoC/AVT/optic-flow/optic-flow/mbed/LPC1768/GCC_CR/libmbed.a(us_ticker.o)
                0x0000198c                us_ticker_read
 .text.us_ticker_set_interrupt
                0x000019ac       0x14 /media/data/coding/GSoC/AVT/optic-flow/optic-flow/mbed/LPC1768/GCC_CR/libmbed.a(us_ticker.o)
                0x000019ac                us_ticker_set_interrupt
 .text.us_ticker_disable_interrupt
                0x000019c0       0x14 /media/data/coding/GSoC/AVT/optic-flow/optic-flow/mbed/LPC1768/GCC_CR/libmbed.a(us_ticker.o)
                0x000019c0                us_ticker_disable_interrupt
 .text.us_ticker_clear_interrupt
                0x000019d4       0x10 /media/data/coding/GSoC/AVT/optic-flow/optic-flow/mbed/LPC1768/GCC_CR/libmbed.a(us_ticker.o)
                0x000019d4                us_ticker_clear_interrupt
 .text.exit     0x000019e4       0x1c /media/data/coding/GSoC/AVT/optic-flow/optic-flow/mbed/LPC1768/GCC_CR/libmbed.a(exit.o)
                0x000019e4                exit
 .text.mbed_interface_connected
                0x00001a00        0x4 /media/data/coding/GSoC/AVT/optic-flow/optic-flow/mbed/LPC1768/GCC_CR/libmbed.a(mbed_interface.o)
                0x00001a00                mbed_interface_connected
 .text.pinmap_pinout
                0x00001a04       0x58 /media/data/coding/GSoC/AVT/optic-flow/optic-flow/mbed/LPC1768/GCC_CR/libmbed.a(pinmap_common.o)
                0x00001a04                pinmap_pinout
 .text.pinmap_merge
                0x00001a5c       0x38 /media/data/coding/GSoC/AVT/optic-flow/optic-flow/mbed/LPC1768/GCC_CR/libmbed.a(pinmap_common.o)
                0x00001a5c                pinmap_merge
 .text.pinmap_peripheral
                0x00001a94       0x44 /media/data/coding/GSoC/AVT/optic-flow/optic-flow/mbed/LPC1768/GCC_CR/libmbed.a(pinmap_common.o)
                0x00001a94                pinmap_peripheral
 .text.semihost_exit
                0x00001ad8       0x18 /media/data/coding/GSoC/AVT/optic-flow/optic-flow/mbed/LPC1768/GCC_CR/libmbed.a(semihost_api.o)
                0x00001ad8                semihost_exit
 .text.us_ticker_irq_handler
                0x00001af0       0x50 /media/data/coding/GSoC/AVT/optic-flow/optic-flow/mbed/LPC1768/GCC_CR/libmbed.a(us_ticker_api.o)
                0x00001af0                us_ticker_irq_handler
 .text._ZN4mbed8FileLikeD2Ev
                0x00001b40       0x28 /media/data/coding/GSoC/AVT/optic-flow/optic-flow/mbed/LPC1768/GCC_CR/libmbed.a(FileLike.o)
                0x00001b40                _ZN4mbed8FileLikeD2Ev
                0x00001b40                _ZN4mbed8FileLikeD1Ev
 .text._ZThn4_N4mbed8FileLikeD1Ev
                0x00001b68        0x8 /media/data/coding/GSoC/AVT/optic-flow/optic-flow/mbed/LPC1768/GCC_CR/libmbed.a(FileLike.o)
                0x00001b68                _ZThn4_N4mbed8FileLikeD1Ev
 .text._ZN4mbed8FileLikeD0Ev
                0x00001b70       0x14 /media/data/coding/GSoC/AVT/optic-flow/optic-flow/mbed/LPC1768/GCC_CR/libmbed.a(FileLike.o)
                0x00001b70                _ZN4mbed8FileLikeD0Ev
 .text._ZThn4_N4mbed8FileLikeD0Ev
                0x00001b84        0x8 /media/data/coding/GSoC/AVT/optic-flow/optic-flow/mbed/LPC1768/GCC_CR/libmbed.a(FileLike.o)
                0x00001b84                _ZThn4_N4mbed8FileLikeD0Ev
 .text._ZN4mbed8FileLikeC2EPKc
                0x00001b8c       0x2c /media/data/coding/GSoC/AVT/optic-flow/optic-flow/mbed/LPC1768/GCC_CR/libmbed.a(FileLike.o)
                0x00001b8c                _ZN4mbed8FileLikeC1EPKc
                0x00001b8c                _ZN4mbed8FileLikeC2EPKc
 .text._ZN4mbed8FilePathC2EPKc
                0x00001bb8       0x5c /media/data/coding/GSoC/AVT/optic-flow/optic-flow/mbed/LPC1768/GCC_CR/libmbed.a(FilePath.o)
                0x00001bb8                _ZN4mbed8FilePathC2EPKc
                0x00001bb8                _ZN4mbed8FilePathC1EPKc
 .text._ZN4mbed8FilePath8fileNameEv
                0x00001c14        0x4 /media/data/coding/GSoC/AVT/optic-flow/optic-flow/mbed/LPC1768/GCC_CR/libmbed.a(FilePath.o)
                0x00001c14                _ZN4mbed8FilePath8fileNameEv
 .text._ZN4mbed8FilePath12isFileSystemEv
                0x00001c18       0x14 /media/data/coding/GSoC/AVT/optic-flow/optic-flow/mbed/LPC1768/GCC_CR/libmbed.a(FilePath.o)
                0x00001c18                _ZN4mbed8FilePath12isFileSystemEv
 .text._ZN4mbed8FilePath10fileSystemEv
                0x00001c2c       0x10 /media/data/coding/GSoC/AVT/optic-flow/optic-flow/mbed/LPC1768/GCC_CR/libmbed.a(FilePath.o)
                0x00001c2c                _ZN4mbed8FilePath10fileSystemEv
 .text._ZN4mbed8FilePath6isFileEv
                0x00001c3c       0x14 /media/data/coding/GSoC/AVT/optic-flow/optic-flow/mbed/LPC1768/GCC_CR/libmbed.a(FilePath.o)
                0x00001c3c                _ZN4mbed8FilePath6isFileEv
 .text._ZN4mbed8FilePath4fileEv
                0x00001c50       0x14 /media/data/coding/GSoC/AVT/optic-flow/optic-flow/mbed/LPC1768/GCC_CR/libmbed.a(FilePath.o)
                0x00001c50                _ZN4mbed8FilePath4fileEv
 .text._ZN4mbed15FunctionPointerC2EPFvvE
                0x00001c64        0x8 /media/data/coding/GSoC/AVT/optic-flow/optic-flow/mbed/LPC1768/GCC_CR/libmbed.a(FunctionPointer.o)
                0x00001c64                _ZN4mbed15FunctionPointerC1EPFvvE
                0x00001c64                _ZN4mbed15FunctionPointerC2EPFvvE
 .text._ZN4mbed15FunctionPointer4callEv
                0x00001c6c       0x18 /media/data/coding/GSoC/AVT/optic-flow/optic-flow/mbed/LPC1768/GCC_CR/libmbed.a(FunctionPointer.o)
                0x00001c6c                _ZN4mbed15FunctionPointer4callEv
 .text.semihost_connected
                0x00001c84       0x10 /media/data/coding/GSoC/AVT/optic-flow/optic-flow/mbed/LPC1768/GCC_CR/libmbed.a(semihost.o)
                0x00001c84                semihost_connected
 .text.mbed_die
                0x00001c94       0x84 /media/data/coding/GSoC/AVT/optic-flow/optic-flow/mbed/LPC1768/GCC_CR/libmbed.a(board.o)
                0x00001c94                mbed_die
 .text._ZN4mbed8FileBaseD2Ev
                0x00001d18       0x30 /media/data/coding/GSoC/AVT/optic-flow/optic-flow/mbed/LPC1768/GCC_CR/libmbed.a(FileBase.o)
                0x00001d18                _ZN4mbed8FileBaseD2Ev
                0x00001d18                _ZN4mbed8FileBaseD1Ev
 .text._ZN4mbed8FileBaseD0Ev
                0x00001d48       0x14 /media/data/coding/GSoC/AVT/optic-flow/optic-flow/mbed/LPC1768/GCC_CR/libmbed.a(FileBase.o)
                0x00001d48                _ZN4mbed8FileBaseD0Ev
 .text._ZN4mbed8FileBaseC2EPKcNS_8PathTypeE
                0x00001d5c       0x24 /media/data/coding/GSoC/AVT/optic-flow/optic-flow/mbed/LPC1768/GCC_CR/libmbed.a(FileBase.o)
                0x00001d5c                _ZN4mbed8FileBaseC2EPKcNS_8PathTypeE
                0x00001d5c                _ZN4mbed8FileBaseC1EPKcNS_8PathTypeE
 .text._ZN4mbed8FileBase6lookupEPKcj
                0x00001d80       0x3c /media/data/coding/GSoC/AVT/optic-flow/optic-flow/mbed/LPC1768/GCC_CR/libmbed.a(FileBase.o)
                0x00001d80                _ZN4mbed8FileBase6lookupEPKcj
 .text._ZN4mbed8FileBase11getPathTypeEv
                0x00001dbc        0x4 /media/data/coding/GSoC/AVT/optic-flow/optic-flow/mbed/LPC1768/GCC_CR/libmbed.a(FileBase.o)
                0x00001dbc                _ZN4mbed8FileBase11getPathTypeEv
 .text          0x00001dc0      0x370 /usr/local/lpcxpresso_5.2.4_2122/lpcxpresso/tools/bin/../lib/gcc/arm-none-eabi/4.6.2/armv7-m/libgcc.a(_arm_addsubdf3.o)
                0x00001dc0                __aeabi_drsub
                0x00001dc8                __aeabi_dsub
                0x00001dc8                __subdf3
                0x00001dcc                __adddf3
                0x00001dcc                __aeabi_dadd
                0x00002044                __aeabi_ui2d
                0x00002044                __floatunsidf
                0x00002064                __floatsidf
                0x00002064                __aeabi_i2d
                0x00002088                __extendsfdf2
                0x00002088                __aeabi_f2d
                0x000020c4                __aeabi_ul2d
                0x000020c4                __floatundidf
                0x000020d4                __floatdidf
                0x000020d4                __aeabi_l2d
 .text          0x00002130      0x424 /usr/local/lpcxpresso_5.2.4_2122/lpcxpresso/tools/bin/../lib/gcc/arm-none-eabi/4.6.2/armv7-m/libgcc.a(_arm_muldivdf3.o)
                0x00002130                __aeabi_dmul
                0x00002130                __muldf3
                0x00002384                __aeabi_ddiv
                0x00002384                __divdf3
 .text          0x00002554      0x110 /usr/local/lpcxpresso_5.2.4_2122/lpcxpresso/tools/bin/../lib/gcc/arm-none-eabi/4.6.2/armv7-m/libgcc.a(_arm_cmpdf2.o)
                0x00002554                __gtdf2
                0x00002554                __gedf2
                0x0000255c                __ltdf2
                0x0000255c                __ledf2
                0x00002564                __cmpdf2
                0x00002564                __eqdf2
                0x00002564                __nedf2
                0x000025e0                __aeabi_cdrcmple
                0x000025f0                __aeabi_cdcmple
                0x000025f0                __aeabi_cdcmpeq
                0x00002600                __aeabi_dcmpeq
                0x00002614                __aeabi_dcmplt
                0x00002628                __aeabi_dcmple
                0x0000263c                __aeabi_dcmpge
                0x00002650                __aeabi_dcmpgt
 .text          0x00002664       0x50 /usr/local/lpcxpresso_5.2.4_2122/lpcxpresso/tools/bin/../lib/gcc/arm-none-eabi/4.6.2/armv7-m/libgcc.a(_arm_fixdfsi.o)
                0x00002664                __fixdfsi
                0x00002664                __aeabi_d2iz
 .text          0x000026b4       0xa0 /usr/local/lpcxpresso_5.2.4_2122/lpcxpresso/tools/bin/../lib/gcc/arm-none-eabi/4.6.2/armv7-m/libgcc.a(_arm_truncdfsf2.o)
                0x000026b4                __aeabi_d2f
                0x000026b4                __truncdfsf2
 .text          0x00002754      0x21c /usr/local/lpcxpresso_5.2.4_2122/lpcxpresso/tools/bin/../lib/gcc/arm-none-eabi/4.6.2/armv7-m/libgcc.a(_arm_addsubsf3.o)
                0x00002754                __aeabi_frsub
                0x0000275c                __subsf3
                0x0000275c                __aeabi_fsub
                0x00002760                __aeabi_fadd
                0x00002760                __addsf3
                0x000028c0                __aeabi_ui2f
                0x000028c0                __floatunsisf
                0x000028c8                __aeabi_i2f
                0x000028c8                __floatsisf
                0x000028e4                __floatundisf
                0x000028e4                __aeabi_ul2f
                0x000028f4                __floatdisf
                0x000028f4                __aeabi_l2f
 .text          0x00002970      0x2a0 /usr/local/lpcxpresso_5.2.4_2122/lpcxpresso/tools/bin/../lib/gcc/arm-none-eabi/4.6.2/armv7-m/libgcc.a(_arm_muldivsf3.o)
                0x00002970                __mulsf3
                0x00002970                __aeabi_fmul
                0x00002ad8                __divsf3
                0x00002ad8                __aeabi_fdiv
 .text          0x00002c10       0xec /usr/local/lpcxpresso_5.2.4_2122/lpcxpresso/tools/bin/../lib/gcc/arm-none-eabi/4.6.2/armv7-m/libgcc.a(_arm_cmpsf2.o)
                0x00002c10                __gtsf2
                0x00002c10                __gesf2
                0x00002c18                __lesf2
                0x00002c18                __ltsf2
                0x00002c20                __nesf2
                0x00002c20                __eqsf2
                0x00002c20                __cmpsf2
                0x00002c80                __aeabi_cfrcmple
                0x00002c88                __aeabi_cfcmple
                0x00002c88                __aeabi_cfcmpeq
                0x00002c98                __aeabi_fcmpeq
                0x00002cac                __aeabi_fcmplt
                0x00002cc0                __aeabi_fcmple
                0x00002cd4                __aeabi_fcmpge
                0x00002ce8                __aeabi_fcmpgt
 .text          0x00002cfc       0x2c /usr/local/lpcxpresso_5.2.4_2122/lpcxpresso/tools/bin/../lib/gcc/arm-none-eabi/4.6.2/armv7-m/libgcc.a(_aeabi_uldivmod.o)
                0x00002cfc                __aeabi_uldivmod
 .text          0x00002d28       0x5c /usr/local/lpcxpresso_5.2.4_2122/lpcxpresso/tools/bin/../lib/gcc/arm-none-eabi/4.6.2/armv7-m/libgcc.a(bpabi.o)
                0x00002d28                __gnu_ldivmod_helper
                0x00002d58                __gnu_uldivmod_helper
 .text          0x00002d84        0x4 /usr/local/lpcxpresso_5.2.4_2122/lpcxpresso/tools/bin/../lib/gcc/arm-none-eabi/4.6.2/armv7-m/libgcc.a(_dvmd_tls.o)
                0x00002d84                __aeabi_ldiv0
                0x00002d84                __aeabi_idiv0
 .text          0x00002d88      0x2c8 /usr/local/lpcxpresso_5.2.4_2122/lpcxpresso/tools/bin/../lib/gcc/arm-none-eabi/4.6.2/armv7-m/libgcc.a(_divdi3.o)
                0x00002d88                __divdi3
 .text          0x00003050      0x298 /usr/local/lpcxpresso_5.2.4_2122/lpcxpresso/tools/bin/../lib/gcc/arm-none-eabi/4.6.2/armv7-m/libgcc.a(_udivdi3.o)
                0x00003050                __udivdi3
 .text.__errno  0x000032e8        0xc /usr/local/lpcxpresso_5.2.4_2122/lpcxpresso/tools/bin/../lib/gcc/arm-none-eabi/4.6.2/../../../../arm-none-eabi/lib/armv7-m/libc.a(lib_a-errno.o)
                0x000032e8                __errno
 .text._fclose_r
                0x000032f4       0x90 /usr/local/lpcxpresso_5.2.4_2122/lpcxpresso/tools/bin/../lib/gcc/arm-none-eabi/4.6.2/../../../../arm-none-eabi/lib/armv7-m/libc.a(lib_a-fclose.o)
                0x000032f4                _fclose_r
 .text.fclose   0x00003384       0x14 /usr/local/lpcxpresso_5.2.4_2122/lpcxpresso/tools/bin/../lib/gcc/arm-none-eabi/4.6.2/../../../../arm-none-eabi/lib/armv7-m/libc.a(lib_a-fclose.o)
                0x00003384                fclose
 .text._fflush_r
                0x00003398      0x16c /usr/local/lpcxpresso_5.2.4_2122/lpcxpresso/tools/bin/../lib/gcc/arm-none-eabi/4.6.2/../../../../arm-none-eabi/lib/armv7-m/libc.a(lib_a-fflush.o)
                0x00003398                _fflush_r
 .text.fflush   0x00003504       0x24 /usr/local/lpcxpresso_5.2.4_2122/lpcxpresso/tools/bin/../lib/gcc/arm-none-eabi/4.6.2/../../../../arm-none-eabi/lib/armv7-m/libc.a(lib_a-fflush.o)
                0x00003504                fflush
 .text._cleanup_r
                0x00003528        0xc /usr/local/lpcxpresso_5.2.4_2122/lpcxpresso/tools/bin/../lib/gcc/arm-none-eabi/4.6.2/../../../../arm-none-eabi/lib/armv7-m/libc.a(lib_a-findfp.o)
                0x00003528                _cleanup_r
 .text.std.isra.0
                0x00003534       0x50 /usr/local/lpcxpresso_5.2.4_2122/lpcxpresso/tools/bin/../lib/gcc/arm-none-eabi/4.6.2/../../../../arm-none-eabi/lib/armv7-m/libc.a(lib_a-findfp.o)
 .text.__sfmoreglue
                0x00003584       0x2c /usr/local/lpcxpresso_5.2.4_2122/lpcxpresso/tools/bin/../lib/gcc/arm-none-eabi/4.6.2/../../../../arm-none-eabi/lib/armv7-m/libc.a(lib_a-findfp.o)
                0x00003584                __sfmoreglue
 .text.__sinit  0x000035b0       0x4c /usr/local/lpcxpresso_5.2.4_2122/lpcxpresso/tools/bin/../lib/gcc/arm-none-eabi/4.6.2/../../../../arm-none-eabi/lib/armv7-m/libc.a(lib_a-findfp.o)
                0x000035b0                __sinit
 .text.__sfp    0x000035fc       0x98 /usr/local/lpcxpresso_5.2.4_2122/lpcxpresso/tools/bin/../lib/gcc/arm-none-eabi/4.6.2/../../../../arm-none-eabi/lib/armv7-m/libc.a(lib_a-findfp.o)
                0x000035fc                __sfp
 .text.__sfp_lock_acquire
                0x00003694        0x4 /usr/local/lpcxpresso_5.2.4_2122/lpcxpresso/tools/bin/../lib/gcc/arm-none-eabi/4.6.2/../../../../arm-none-eabi/lib/armv7-m/libc.a(lib_a-findfp.o)
                0x00003694                __sfp_lock_acquire
 .text.__sfp_lock_release
                0x00003698        0x4 /usr/local/lpcxpresso_5.2.4_2122/lpcxpresso/tools/bin/../lib/gcc/arm-none-eabi/4.6.2/../../../../arm-none-eabi/lib/armv7-m/libc.a(lib_a-findfp.o)
                0x00003698                __sfp_lock_release
 .text._fopen_r
                0x0000369c       0x88 /usr/local/lpcxpresso_5.2.4_2122/lpcxpresso/tools/bin/../lib/gcc/arm-none-eabi/4.6.2/../../../../arm-none-eabi/lib/armv7-m/libc.a(lib_a-fopen.o)
                0x0000369c                _fopen_r
 .text.fopen    0x00003724       0x14 /usr/local/lpcxpresso_5.2.4_2122/lpcxpresso/tools/bin/../lib/gcc/arm-none-eabi/4.6.2/../../../../arm-none-eabi/lib/armv7-m/libc.a(lib_a-fopen.o)
                0x00003724                fopen
 .text.fprintf  0x00003738       0x2c /usr/local/lpcxpresso_5.2.4_2122/lpcxpresso/tools/bin/../lib/gcc/arm-none-eabi/4.6.2/../../../../arm-none-eabi/lib/armv7-m/libc.a(lib_a-fprintf.o)
                0x00003738                fprintf
 .text._malloc_trim_r
                0x00003764       0xa0 /usr/local/lpcxpresso_5.2.4_2122/lpcxpresso/tools/bin/../lib/gcc/arm-none-eabi/4.6.2/../../../../arm-none-eabi/lib/armv7-m/libc.a(lib_a-freer.o)
                0x00003764                _malloc_trim_r
 .text._free_r  0x00003804      0x190 /usr/local/lpcxpresso_5.2.4_2122/lpcxpresso/tools/bin/../lib/gcc/arm-none-eabi/4.6.2/../../../../arm-none-eabi/lib/armv7-m/libc.a(lib_a-freer.o)
                0x00003804                _free_r
 .text._fseek_r
                0x00003994      0x300 /usr/local/lpcxpresso_5.2.4_2122/lpcxpresso/tools/bin/../lib/gcc/arm-none-eabi/4.6.2/../../../../arm-none-eabi/lib/armv7-m/libc.a(lib_a-fseek.o)
                0x00003994                _fseek_r
 .text._fstat_r
                0x00003c94       0x28 /usr/local/lpcxpresso_5.2.4_2122/lpcxpresso/tools/bin/../lib/gcc/arm-none-eabi/4.6.2/../../../../arm-none-eabi/lib/armv7-m/libc.a(lib_a-fstatr.o)
                0x00003c94                _fstat_r
 .text.__sfvwrite_r
                0x00003cbc      0x2e8 /usr/local/lpcxpresso_5.2.4_2122/lpcxpresso/tools/bin/../lib/gcc/arm-none-eabi/4.6.2/../../../../arm-none-eabi/lib/armv7-m/libc.a(lib_a-fvwrite.o)
                0x00003cbc                __sfvwrite_r
 .text._fwalk   0x00003fa4       0x54 /usr/local/lpcxpresso_5.2.4_2122/lpcxpresso/tools/bin/../lib/gcc/arm-none-eabi/4.6.2/../../../../arm-none-eabi/lib/armv7-m/libc.a(lib_a-fwalk.o)
                0x00003fa4                _fwalk
 .text._fwalk_reent
                0x00003ff8       0x58 /usr/local/lpcxpresso_5.2.4_2122/lpcxpresso/tools/bin/../lib/gcc/arm-none-eabi/4.6.2/../../../../arm-none-eabi/lib/armv7-m/libc.a(lib_a-fwalk.o)
                0x00003ff8                _fwalk_reent
 .text.__libc_init_array
                0x00004050       0x48 /usr/local/lpcxpresso_5.2.4_2122/lpcxpresso/tools/bin/../lib/gcc/arm-none-eabi/4.6.2/../../../../arm-none-eabi/lib/armv7-m/libc.a(lib_a-init.o)
                0x00004050                __libc_init_array
 .text.__smakebuf_r
                0x00004098       0xe0 /usr/local/lpcxpresso_5.2.4_2122/lpcxpresso/tools/bin/../lib/gcc/arm-none-eabi/4.6.2/../../../../arm-none-eabi/lib/armv7-m/libc.a(lib_a-makebuf.o)
                0x00004098                __smakebuf_r
 .text.malloc   0x00004178       0x14 /usr/local/lpcxpresso_5.2.4_2122/lpcxpresso/tools/bin/../lib/gcc/arm-none-eabi/4.6.2/../../../../arm-none-eabi/lib/armv7-m/libc.a(lib_a-malloc.o)
                0x00004178                malloc
 .text.free     0x0000418c       0x14 /usr/local/lpcxpresso_5.2.4_2122/lpcxpresso/tools/bin/../lib/gcc/arm-none-eabi/4.6.2/../../../../arm-none-eabi/lib/armv7-m/libc.a(lib_a-malloc.o)
                0x0000418c                free
 .text._malloc_r
                0x000041a0      0x528 /usr/local/lpcxpresso_5.2.4_2122/lpcxpresso/tools/bin/../lib/gcc/arm-none-eabi/4.6.2/../../../../arm-none-eabi/lib/armv7-m/libc.a(lib_a-mallocr.o)
                0x000041a0                _malloc_r
 .text.memchr   0x000046c8       0x84 /usr/local/lpcxpresso_5.2.4_2122/lpcxpresso/tools/bin/../lib/gcc/arm-none-eabi/4.6.2/../../../../arm-none-eabi/lib/armv7-m/libc.a(lib_a-memchr.o)
                0x000046c8                memchr
 .text.memcpy   0x0000474c       0x84 /usr/local/lpcxpresso_5.2.4_2122/lpcxpresso/tools/bin/../lib/gcc/arm-none-eabi/4.6.2/../../../../arm-none-eabi/lib/armv7-m/libc.a(lib_a-memcpy.o)
                0x0000474c                memcpy
 .text.memmove  0x000047d0       0xb0 /usr/local/lpcxpresso_5.2.4_2122/lpcxpresso/tools/bin/../lib/gcc/arm-none-eabi/4.6.2/../../../../arm-none-eabi/lib/armv7-m/libc.a(lib_a-memmove.o)
                0x000047d0                memmove
 .text.memset   0x00004880       0x90 /usr/local/lpcxpresso_5.2.4_2122/lpcxpresso/tools/bin/../lib/gcc/arm-none-eabi/4.6.2/../../../../arm-none-eabi/lib/armv7-m/libc.a(lib_a-memset.o)
                0x00004880                memset
 .text.__malloc_lock
                0x00004910        0x4 /usr/local/lpcxpresso_5.2.4_2122/lpcxpresso/tools/bin/../lib/gcc/arm-none-eabi/4.6.2/../../../../arm-none-eabi/lib/armv7-m/libc.a(lib_a-mlock.o)
                0x00004910                __malloc_lock
 .text.__malloc_unlock
                0x00004914        0x4 /usr/local/lpcxpresso_5.2.4_2122/lpcxpresso/tools/bin/../lib/gcc/arm-none-eabi/4.6.2/../../../../arm-none-eabi/lib/armv7-m/libc.a(lib_a-mlock.o)
                0x00004914                __malloc_unlock
 .text._open_r  0x00004918       0x28 /usr/local/lpcxpresso_5.2.4_2122/lpcxpresso/tools/bin/../lib/gcc/arm-none-eabi/4.6.2/../../../../arm-none-eabi/lib/armv7-m/libc.a(lib_a-openr.o)
                0x00004918                _open_r
 .text._realloc_r
                0x00004940      0x3f4 /usr/local/lpcxpresso_5.2.4_2122/lpcxpresso/tools/bin/../lib/gcc/arm-none-eabi/4.6.2/../../../../arm-none-eabi/lib/armv7-m/libc.a(lib_a-reallocr.o)
                0x00004940                _realloc_r
 .text.lflush   0x00004d34       0x14 /usr/local/lpcxpresso_5.2.4_2122/lpcxpresso/tools/bin/../lib/gcc/arm-none-eabi/4.6.2/../../../../arm-none-eabi/lib/armv7-m/libc.a(lib_a-refill.o)
 .text.__srefill_r
                0x00004d48      0x100 /usr/local/lpcxpresso_5.2.4_2122/lpcxpresso/tools/bin/../lib/gcc/arm-none-eabi/4.6.2/../../../../arm-none-eabi/lib/armv7-m/libc.a(lib_a-refill.o)
                0x00004d48                __srefill_r
 .text._sbrk_r  0x00004e48       0x24 /usr/local/lpcxpresso_5.2.4_2122/lpcxpresso/tools/bin/../lib/gcc/arm-none-eabi/4.6.2/../../../../arm-none-eabi/lib/armv7-m/libc.a(lib_a-sbrkr.o)
                0x00004e48                _sbrk_r
 .text.setbuf   0x00004e6c       0x10 /usr/local/lpcxpresso_5.2.4_2122/lpcxpresso/tools/bin/../lib/gcc/arm-none-eabi/4.6.2/../../../../arm-none-eabi/lib/armv7-m/libc.a(lib_a-setbuf.o)
                0x00004e6c                setbuf
 .text.setvbuf  0x00004e7c      0x10c /usr/local/lpcxpresso_5.2.4_2122/lpcxpresso/tools/bin/../lib/gcc/arm-none-eabi/4.6.2/../../../../arm-none-eabi/lib/armv7-m/libc.a(lib_a-setvbuf.o)
                0x00004e7c                setvbuf
 .text.sprintf  0x00004f88       0x50 /usr/local/lpcxpresso_5.2.4_2122/lpcxpresso/tools/bin/../lib/gcc/arm-none-eabi/4.6.2/../../../../arm-none-eabi/lib/armv7-m/libc.a(lib_a-sprintf.o)
                0x00004f88                sprintf
 .text.sscanf   0x00004fd8       0x5c /usr/local/lpcxpresso_5.2.4_2122/lpcxpresso/tools/bin/../lib/gcc/arm-none-eabi/4.6.2/../../../../arm-none-eabi/lib/armv7-m/libc.a(lib_a-sscanf.o)
                0x00004fd8                sscanf
 .text.__sread  0x00005034       0x24 /usr/local/lpcxpresso_5.2.4_2122/lpcxpresso/tools/bin/../lib/gcc/arm-none-eabi/4.6.2/../../../../arm-none-eabi/lib/armv7-m/libc.a(lib_a-stdio.o)
                0x00005034                __sread
 .text.__seofread
                0x00005058        0x4 /usr/local/lpcxpresso_5.2.4_2122/lpcxpresso/tools/bin/../lib/gcc/arm-none-eabi/4.6.2/../../../../arm-none-eabi/lib/armv7-m/libc.a(lib_a-stdio.o)
                0x00005058                __seofread
 .text.__swrite
                0x0000505c       0x40 /usr/local/lpcxpresso_5.2.4_2122/lpcxpresso/tools/bin/../lib/gcc/arm-none-eabi/4.6.2/../../../../arm-none-eabi/lib/armv7-m/libc.a(lib_a-stdio.o)
                0x0000505c                __swrite
 .text.__sseek  0x0000509c       0x24 /usr/local/lpcxpresso_5.2.4_2122/lpcxpresso/tools/bin/../lib/gcc/arm-none-eabi/4.6.2/../../../../arm-none-eabi/lib/armv7-m/libc.a(lib_a-stdio.o)
                0x0000509c                __sseek
 .text.__sclose
                0x000050c0        0x8 /usr/local/lpcxpresso_5.2.4_2122/lpcxpresso/tools/bin/../lib/gcc/arm-none-eabi/4.6.2/../../../../arm-none-eabi/lib/armv7-m/libc.a(lib_a-stdio.o)
                0x000050c0                __sclose
 .text.strcmp   0x000050c8       0x80 /usr/local/lpcxpresso_5.2.4_2122/lpcxpresso/tools/bin/../lib/gcc/arm-none-eabi/4.6.2/../../../../arm-none-eabi/lib/armv7-m/libc.a(lib_a-strcmp.o)
                0x000050c8                strcmp
 .text.strcmp_unaligned
                0x00005148      0x15c /usr/local/lpcxpresso_5.2.4_2122/lpcxpresso/tools/bin/../lib/gcc/arm-none-eabi/4.6.2/../../../../arm-none-eabi/lib/armv7-m/libc.a(lib_a-strcmp.o)
 .text.strlen   0x000052a4       0x60 /usr/local/lpcxpresso_5.2.4_2122/lpcxpresso/tools/bin/../lib/gcc/arm-none-eabi/4.6.2/../../../../arm-none-eabi/lib/armv7-m/libc.a(lib_a-strlen.o)
                0x000052a4                strlen
 .text.strncmp  0x00005304       0xa4 /usr/local/lpcxpresso_5.2.4_2122/lpcxpresso/tools/bin/../lib/gcc/arm-none-eabi/4.6.2/../../../../arm-none-eabi/lib/armv7-m/libc.a(lib_a-strncmp.o)
                0x00005304                strncmp
 .text._svfprintf_r
                0x000053a8     0x1408 /usr/local/lpcxpresso_5.2.4_2122/lpcxpresso/tools/bin/../lib/gcc/arm-none-eabi/4.6.2/../../../../arm-none-eabi/lib/armv7-m/libc.a(lib_a-svfprintf.o)
                0x000053a8                _svfprintf_r
 .text.__ssvfscanf_r
                0x000067b0      0xeac /usr/local/lpcxpresso_5.2.4_2122/lpcxpresso/tools/bin/../lib/gcc/arm-none-eabi/4.6.2/../../../../arm-none-eabi/lib/armv7-m/libc.a(lib_a-svfscanf.o)
                0x000067b0                __ssvfscanf_r
 .text._vfprintf_r
                0x0000765c     0x171c /usr/local/lpcxpresso_5.2.4_2122/lpcxpresso/tools/bin/../lib/gcc/arm-none-eabi/4.6.2/../../../../arm-none-eabi/lib/armv7-m/libc.a(lib_a-vfprintf.o)
                0x0000765c                _vfprintf_r
 .text.vfprintf
                0x00008d78       0x1c /usr/local/lpcxpresso_5.2.4_2122/lpcxpresso/tools/bin/../lib/gcc/arm-none-eabi/4.6.2/../../../../arm-none-eabi/lib/armv7-m/libc.a(lib_a-vfprintf.o)
                0x00008d78                vfprintf
 .text.__swbuf_r
                0x00008d94       0xc0 /usr/local/lpcxpresso_5.2.4_2122/lpcxpresso/tools/bin/../lib/gcc/arm-none-eabi/4.6.2/../../../../arm-none-eabi/lib/armv7-m/libc.a(lib_a-wbuf.o)
                0x00008d94                __swbuf_r
 .text._write_r
                0x00008e54       0x28 /usr/local/lpcxpresso_5.2.4_2122/lpcxpresso/tools/bin/../lib/gcc/arm-none-eabi/4.6.2/../../../../arm-none-eabi/lib/armv7-m/libc.a(lib_a-writer.o)
                0x00008e54                _write_r
 .text.__swsetup_r
                0x00008e7c       0xb8 /usr/local/lpcxpresso_5.2.4_2122/lpcxpresso/tools/bin/../lib/gcc/arm-none-eabi/4.6.2/../../../../arm-none-eabi/lib/armv7-m/libc.a(lib_a-wsetup.o)
                0x00008e7c                __swsetup_r
 .text._close_r
                0x00008f34       0x24 /usr/local/lpcxpresso_5.2.4_2122/lpcxpresso/tools/bin/../lib/gcc/arm-none-eabi/4.6.2/../../../../arm-none-eabi/lib/armv7-m/libc.a(lib_a-closer.o)
                0x00008f34                _close_r
 .text.quorem   0x00008f58      0x150 /usr/local/lpcxpresso_5.2.4_2122/lpcxpresso/tools/bin/../lib/gcc/arm-none-eabi/4.6.2/../../../../arm-none-eabi/lib/armv7-m/libc.a(lib_a-dtoa.o)
 .text._dtoa_r  0x000090a8      0xe60 /usr/local/lpcxpresso_5.2.4_2122/lpcxpresso/tools/bin/../lib/gcc/arm-none-eabi/4.6.2/../../../../arm-none-eabi/lib/armv7-m/libc.a(lib_a-dtoa.o)
                0x000090a8                _dtoa_r
 .text.__sflags
                0x00009f08       0x6c /usr/local/lpcxpresso_5.2.4_2122/lpcxpresso/tools/bin/../lib/gcc/arm-none-eabi/4.6.2/../../../../arm-none-eabi/lib/armv7-m/libc.a(lib_a-flags.o)
                0x00009f08                __sflags
 .text._isatty_r
                0x00009f74       0x24 /usr/local/lpcxpresso_5.2.4_2122/lpcxpresso/tools/bin/../lib/gcc/arm-none-eabi/4.6.2/../../../../arm-none-eabi/lib/armv7-m/libc.a(lib_a-isattyr.o)
                0x00009f74                _isatty_r
 .text.iswspace
                0x00009f98       0x1c /usr/local/lpcxpresso_5.2.4_2122/lpcxpresso/tools/bin/../lib/gcc/arm-none-eabi/4.6.2/../../../../arm-none-eabi/lib/armv7-m/libc.a(lib_a-iswspace.o)
                0x00009f98                iswspace
 .text.__locale_charset
                0x00009fb4        0xc /usr/local/lpcxpresso_5.2.4_2122/lpcxpresso/tools/bin/../lib/gcc/arm-none-eabi/4.6.2/../../../../arm-none-eabi/lib/armv7-m/libc.a(lib_a-locale.o)
                0x00009fb4                __locale_charset
 .text.__locale_mb_cur_max
                0x00009fc0        0xc /usr/local/lpcxpresso_5.2.4_2122/lpcxpresso/tools/bin/../lib/gcc/arm-none-eabi/4.6.2/../../../../arm-none-eabi/lib/armv7-m/libc.a(lib_a-locale.o)
                0x00009fc0                __locale_mb_cur_max
 .text._localeconv_r
                0x00009fcc        0xc /usr/local/lpcxpresso_5.2.4_2122/lpcxpresso/tools/bin/../lib/gcc/arm-none-eabi/4.6.2/../../../../arm-none-eabi/lib/armv7-m/libc.a(lib_a-locale.o)
                0x00009fcc                _localeconv_r
 .text._lseek_r
                0x00009fd8       0x28 /usr/local/lpcxpresso_5.2.4_2122/lpcxpresso/tools/bin/../lib/gcc/arm-none-eabi/4.6.2/../../../../arm-none-eabi/lib/armv7-m/libc.a(lib_a-lseekr.o)
                0x00009fd8                _lseek_r
 .text._mbrtowc_r
                0x0000a000       0x58 /usr/local/lpcxpresso_5.2.4_2122/lpcxpresso/tools/bin/../lib/gcc/arm-none-eabi/4.6.2/../../../../arm-none-eabi/lib/armv7-m/libc.a(lib_a-mbrtowc.o)
                0x0000a000                _mbrtowc_r
 .text.__ascii_mbtowc
                0x0000a058       0x28 /usr/local/lpcxpresso_5.2.4_2122/lpcxpresso/tools/bin/../lib/gcc/arm-none-eabi/4.6.2/../../../../arm-none-eabi/lib/armv7-m/libc.a(lib_a-mbtowc_r.o)
                0x0000a058                __ascii_mbtowc
 .text._Balloc  0x0000a080       0x4c /usr/local/lpcxpresso_5.2.4_2122/lpcxpresso/tools/bin/../lib/gcc/arm-none-eabi/4.6.2/../../../../arm-none-eabi/lib/armv7-m/libc.a(lib_a-mprec.o)
                0x0000a080                _Balloc
 .text._Bfree   0x0000a0cc       0x14 /usr/local/lpcxpresso_5.2.4_2122/lpcxpresso/tools/bin/../lib/gcc/arm-none-eabi/4.6.2/../../../../arm-none-eabi/lib/armv7-m/libc.a(lib_a-mprec.o)
                0x0000a0cc                _Bfree
 .text.__multadd
                0x0000a0e0       0x84 /usr/local/lpcxpresso_5.2.4_2122/lpcxpresso/tools/bin/../lib/gcc/arm-none-eabi/4.6.2/../../../../arm-none-eabi/lib/armv7-m/libc.a(lib_a-mprec.o)
                0x0000a0e0                __multadd
 .text.__s2b    0x0000a164       0x98 /usr/local/lpcxpresso_5.2.4_2122/lpcxpresso/tools/bin/../lib/gcc/arm-none-eabi/4.6.2/../../../../arm-none-eabi/lib/armv7-m/libc.a(lib_a-mprec.o)
                0x0000a164                __s2b
 .text.__hi0bits
                0x0000a1fc       0x3c /usr/local/lpcxpresso_5.2.4_2122/lpcxpresso/tools/bin/../lib/gcc/arm-none-eabi/4.6.2/../../../../arm-none-eabi/lib/armv7-m/libc.a(lib_a-mprec.o)
                0x0000a1fc                __hi0bits
 .text.__lo0bits
                0x0000a238       0x5c /usr/local/lpcxpresso_5.2.4_2122/lpcxpresso/tools/bin/../lib/gcc/arm-none-eabi/4.6.2/../../../../arm-none-eabi/lib/armv7-m/libc.a(lib_a-mprec.o)
                0x0000a238                __lo0bits
 .text.__i2b    0x0000a294       0x14 /usr/local/lpcxpresso_5.2.4_2122/lpcxpresso/tools/bin/../lib/gcc/arm-none-eabi/4.6.2/../../../../arm-none-eabi/lib/armv7-m/libc.a(lib_a-mprec.o)
                0x0000a294                __i2b
 .text.__multiply
                0x0000a2a8      0x144 /usr/local/lpcxpresso_5.2.4_2122/lpcxpresso/tools/bin/../lib/gcc/arm-none-eabi/4.6.2/../../../../arm-none-eabi/lib/armv7-m/libc.a(lib_a-mprec.o)
                0x0000a2a8                __multiply
 .text.__pow5mult
                0x0000a3ec       0x98 /usr/local/lpcxpresso_5.2.4_2122/lpcxpresso/tools/bin/../lib/gcc/arm-none-eabi/4.6.2/../../../../arm-none-eabi/lib/armv7-m/libc.a(lib_a-mprec.o)
                0x0000a3ec                __pow5mult
 .text.__lshift
                0x0000a484       0xc0 /usr/local/lpcxpresso_5.2.4_2122/lpcxpresso/tools/bin/../lib/gcc/arm-none-eabi/4.6.2/../../../../arm-none-eabi/lib/armv7-m/libc.a(lib_a-mprec.o)
                0x0000a484                __lshift
 .text.__mcmp   0x0000a544       0x3c /usr/local/lpcxpresso_5.2.4_2122/lpcxpresso/tools/bin/../lib/gcc/arm-none-eabi/4.6.2/../../../../arm-none-eabi/lib/armv7-m/libc.a(lib_a-mprec.o)
                0x0000a544                __mcmp
 .text.__mdiff  0x0000a580       0xd8 /usr/local/lpcxpresso_5.2.4_2122/lpcxpresso/tools/bin/../lib/gcc/arm-none-eabi/4.6.2/../../../../arm-none-eabi/lib/armv7-m/libc.a(lib_a-mprec.o)
                0x0000a580                __mdiff
 .text.__ulp    0x0000a658       0x44 /usr/local/lpcxpresso_5.2.4_2122/lpcxpresso/tools/bin/../lib/gcc/arm-none-eabi/4.6.2/../../../../arm-none-eabi/lib/armv7-m/libc.a(lib_a-mprec.o)
                0x0000a658                __ulp
 .text.__b2d    0x0000a69c       0xb8 /usr/local/lpcxpresso_5.2.4_2122/lpcxpresso/tools/bin/../lib/gcc/arm-none-eabi/4.6.2/../../../../arm-none-eabi/lib/armv7-m/libc.a(lib_a-mprec.o)
                0x0000a69c                __b2d
 .text.__d2b    0x0000a754       0xcc /usr/local/lpcxpresso_5.2.4_2122/lpcxpresso/tools/bin/../lib/gcc/arm-none-eabi/4.6.2/../../../../arm-none-eabi/lib/armv7-m/libc.a(lib_a-mprec.o)
                0x0000a754                __d2b
 .text.__ratio  0x0000a820       0x54 /usr/local/lpcxpresso_5.2.4_2122/lpcxpresso/tools/bin/../lib/gcc/arm-none-eabi/4.6.2/../../../../arm-none-eabi/lib/armv7-m/libc.a(lib_a-mprec.o)
                0x0000a820                __ratio
 .text.__copybits
                0x0000a874       0x48 /usr/local/lpcxpresso_5.2.4_2122/lpcxpresso/tools/bin/../lib/gcc/arm-none-eabi/4.6.2/../../../../arm-none-eabi/lib/armv7-m/libc.a(lib_a-mprec.o)
                0x0000a874                __copybits
 .text.__any_on
                0x0000a8bc       0x60 /usr/local/lpcxpresso_5.2.4_2122/lpcxpresso/tools/bin/../lib/gcc/arm-none-eabi/4.6.2/../../../../arm-none-eabi/lib/armv7-m/libc.a(lib_a-mprec.o)
                0x0000a8bc                __any_on
 .text._read_r  0x0000a91c       0x28 /usr/local/lpcxpresso_5.2.4_2122/lpcxpresso/tools/bin/../lib/gcc/arm-none-eabi/4.6.2/../../../../arm-none-eabi/lib/armv7-m/libc.a(lib_a-readr.o)
                0x0000a91c                _read_r
 .text.__fpclassifyd
                0x0000a944       0x68 /usr/local/lpcxpresso_5.2.4_2122/lpcxpresso/tools/bin/../lib/gcc/arm-none-eabi/4.6.2/../../../../arm-none-eabi/lib/armv7-m/libc.a(lib_a-s_fpclassify.o)
                0x0000a944                __fpclassifyd
 .text.__sccl   0x0000a9ac       0x68 /usr/local/lpcxpresso_5.2.4_2122/lpcxpresso/tools/bin/../lib/gcc/arm-none-eabi/4.6.2/../../../../arm-none-eabi/lib/armv7-m/libc.a(lib_a-sccl.o)
                0x0000a9ac                __sccl
 .text.nanf     0x0000aa14        0x8 /usr/local/lpcxpresso_5.2.4_2122/lpcxpresso/tools/bin/../lib/gcc/arm-none-eabi/4.6.2/../../../../arm-none-eabi/lib/armv7-m/libc.a(lib_a-sf_nan.o)
                0x0000aa14                nanf
 .text.match    0x0000aa1c       0x30 /usr/local/lpcxpresso_5.2.4_2122/lpcxpresso/tools/bin/../lib/gcc/arm-none-eabi/4.6.2/../../../../arm-none-eabi/lib/armv7-m/libc.a(lib_a-strtod.o)
 *fill*         0x0000aa4c        0x4 00
 .text._strtod_r
                0x0000aa50      0xe38 /usr/local/lpcxpresso_5.2.4_2122/lpcxpresso/tools/bin/../lib/gcc/arm-none-eabi/4.6.2/../../../../arm-none-eabi/lib/armv7-m/libc.a(lib_a-strtod.o)
                0x0000aa50                _strtod_r
 .text._strtol_r
                0x0000b888      0x120 /usr/local/lpcxpresso_5.2.4_2122/lpcxpresso/tools/bin/../lib/gcc/arm-none-eabi/4.6.2/../../../../arm-none-eabi/lib/armv7-m/libc.a(lib_a-strtol.o)
                0x0000b888                _strtol_r
 .text._strtoll_r
                0x0000b9a8      0x1b4 /usr/local/lpcxpresso_5.2.4_2122/lpcxpresso/tools/bin/../lib/gcc/arm-none-eabi/4.6.2/../../../../arm-none-eabi/lib/armv7-m/libc.a(lib_a-strtoll_r.o)
                0x0000b9a8                _strtoll_r
 .text._strtoul_r
                0x0000bb5c      0x12c /usr/local/lpcxpresso_5.2.4_2122/lpcxpresso/tools/bin/../lib/gcc/arm-none-eabi/4.6.2/../../../../arm-none-eabi/lib/armv7-m/libc.a(lib_a-strtoul.o)
                0x0000bb5c                _strtoul_r
 .text._strtoull_r
                0x0000bc88      0x1c8 /usr/local/lpcxpresso_5.2.4_2122/lpcxpresso/tools/bin/../lib/gcc/arm-none-eabi/4.6.2/../../../../arm-none-eabi/lib/armv7-m/libc.a(lib_a-strtoull_r.o)
                0x0000bc88                _strtoull_r
 .text.__ssprint_r
                0x0000be50       0xf8 /usr/local/lpcxpresso_5.2.4_2122/lpcxpresso/tools/bin/../lib/gcc/arm-none-eabi/4.6.2/../../../../arm-none-eabi/lib/armv7-m/libc.a(lib_a-svfiprintf.o)
                0x0000be50                __ssprint_r
 .text._sungetc_r
                0x0000bf48       0x84 /usr/local/lpcxpresso_5.2.4_2122/lpcxpresso/tools/bin/../lib/gcc/arm-none-eabi/4.6.2/../../../../arm-none-eabi/lib/armv7-m/libc.a(lib_a-svfiscanf.o)
                0x0000bf48                _sungetc_r
 .text.__ssrefill_r
                0x0000bfcc       0x3c /usr/local/lpcxpresso_5.2.4_2122/lpcxpresso/tools/bin/../lib/gcc/arm-none-eabi/4.6.2/../../../../arm-none-eabi/lib/armv7-m/libc.a(lib_a-svfiscanf.o)
                0x0000bfcc                __ssrefill_r
 .text._sfread_r
                0x0000c008       0x74 /usr/local/lpcxpresso_5.2.4_2122/lpcxpresso/tools/bin/../lib/gcc/arm-none-eabi/4.6.2/../../../../arm-none-eabi/lib/armv7-m/libc.a(lib_a-svfiscanf.o)
                0x0000c008                _sfread_r
 .text.__submore
                0x0000c07c       0x84 /usr/local/lpcxpresso_5.2.4_2122/lpcxpresso/tools/bin/../lib/gcc/arm-none-eabi/4.6.2/../../../../arm-none-eabi/lib/armv7-m/libc.a(lib_a-ungetc.o)
                0x0000c07c                __submore
 .text.__sprint_r
                0x0000c100       0x80 /usr/local/lpcxpresso_5.2.4_2122/lpcxpresso/tools/bin/../lib/gcc/arm-none-eabi/4.6.2/../../../../arm-none-eabi/lib/armv7-m/libc.a(lib_a-vfiprintf.o)
                0x0000c100                __sprint_r
 .text._calloc_r
                0x0000c180       0x60 /usr/local/lpcxpresso_5.2.4_2122/lpcxpresso/tools/bin/../lib/gcc/arm-none-eabi/4.6.2/../../../../arm-none-eabi/lib/armv7-m/libc.a(lib_a-callocr.o)
                0x0000c180                _calloc_r
 .text._fputwc_r
                0x0000c1e0       0xd0 /usr/local/lpcxpresso_5.2.4_2122/lpcxpresso/tools/bin/../lib/gcc/arm-none-eabi/4.6.2/../../../../arm-none-eabi/lib/armv7-m/libc.a(lib_a-fputwc.o)
                0x0000c1e0                _fputwc_r
 .text.rshift   0x0000c2b0       0xa8 /usr/local/lpcxpresso_5.2.4_2122/lpcxpresso/tools/bin/../lib/gcc/arm-none-eabi/4.6.2/../../../../arm-none-eabi/lib/armv7-m/libc.a(lib_a-gdtoa-gethex.o)
 .text.__hexdig_init
                0x0000c358       0x50 /usr/local/lpcxpresso_5.2.4_2122/lpcxpresso/tools/bin/../lib/gcc/arm-none-eabi/4.6.2/../../../../arm-none-eabi/lib/armv7-m/libc.a(lib_a-gdtoa-gethex.o)
                0x0000c358                __hexdig_init
 .text.__gethex
                0x0000c3a8      0x558 /usr/local/lpcxpresso_5.2.4_2122/lpcxpresso/tools/bin/../lib/gcc/arm-none-eabi/4.6.2/../../../../arm-none-eabi/lib/armv7-m/libc.a(lib_a-gdtoa-gethex.o)
                0x0000c3a8                __gethex
 .text.__hexnan
                0x0000c900      0x1c0 /usr/local/lpcxpresso_5.2.4_2122/lpcxpresso/tools/bin/../lib/gcc/arm-none-eabi/4.6.2/../../../../arm-none-eabi/lib/armv7-m/libc.a(lib_a-gdtoa-hexnan.o)
                0x0000c900                __hexnan
 .text._wcrtomb_r
                0x0000cac0       0x4c /usr/local/lpcxpresso_5.2.4_2122/lpcxpresso/tools/bin/../lib/gcc/arm-none-eabi/4.6.2/../../../../arm-none-eabi/lib/armv7-m/libc.a(lib_a-wcrtomb.o)
                0x0000cac0                _wcrtomb_r
 .text.__ascii_wctomb
                0x0000cb0c       0x1c /usr/local/lpcxpresso_5.2.4_2122/lpcxpresso/tools/bin/../lib/gcc/arm-none-eabi/4.6.2/../../../../arm-none-eabi/lib/armv7-m/libc.a(lib_a-wctomb_r.o)
                0x0000cb0c                __ascii_wctomb
 .text._ZN10__cxxabiv120__si_class_type_infoD2Ev
                0x0000cb28       0x14 /usr/local/lpcxpresso_5.2.4_2122/lpcxpresso/tools/bin/../lib/gcc/arm-none-eabi/4.6.2/../../../../arm-none-eabi/lib/armv7-m/libstdc++.a(si_class_type_info.o)
                0x0000cb28                _ZN10__cxxabiv120__si_class_type_infoD2Ev
                0x0000cb28                _ZN10__cxxabiv120__si_class_type_infoD1Ev
 .text._ZN10__cxxabiv120__si_class_type_infoD0Ev
                0x0000cb3c       0x1c /usr/local/lpcxpresso_5.2.4_2122/lpcxpresso/tools/bin/../lib/gcc/arm-none-eabi/4.6.2/../../../../arm-none-eabi/lib/armv7-m/libstdc++.a(si_class_type_info.o)
                0x0000cb3c                _ZN10__cxxabiv120__si_class_type_infoD0Ev
 .text._ZNK10__cxxabiv120__si_class_type_info11__do_upcastEPKNS_17__class_type_infoEPKvRNS1_15__upcast_resultE
                0x0000cb58       0x24 /usr/local/lpcxpresso_5.2.4_2122/lpcxpresso/tools/bin/../lib/gcc/arm-none-eabi/4.6.2/../../../../arm-none-eabi/lib/armv7-m/libstdc++.a(si_class_type_info.o)
                0x0000cb58                _ZNK10__cxxabiv120__si_class_type_info11__do_upcastEPKNS_17__class_type_infoEPKvRNS1_15__upcast_resultE
 .text._ZNK10__cxxabiv120__si_class_type_info12__do_dyncastEiNS_17__class_type_info10__sub_kindEPKS1_PKvS4_S6_RNS1_16__dyncast_resultE
                0x0000cb7c       0x94 /usr/local/lpcxpresso_5.2.4_2122/lpcxpresso/tools/bin/../lib/gcc/arm-none-eabi/4.6.2/../../../../arm-none-eabi/lib/armv7-m/libstdc++.a(si_class_type_info.o)
                0x0000cb7c                _ZNK10__cxxabiv120__si_class_type_info12__do_dyncastEiNS_17__class_type_info10__sub_kindEPKS1_PKvS4_S6_RNS1_16__dyncast_resultE
 .text._ZNK10__cxxabiv120__si_class_type_info20__do_find_public_srcEiPKvPKNS_17__class_type_infoES2_
                0x0000cc10       0x34 /usr/local/lpcxpresso_5.2.4_2122/lpcxpresso/tools/bin/../lib/gcc/arm-none-eabi/4.6.2/../../../../arm-none-eabi/lib/armv7-m/libstdc++.a(si_class_type_info.o)
                0x0000cc10                _ZNK10__cxxabiv120__si_class_type_info20__do_find_public_srcEiPKvPKNS_17__class_type_infoES2_
 .text.__cxa_pure_virtual
                0x0000cc44       0x18 /usr/local/lpcxpresso_5.2.4_2122/lpcxpresso/tools/bin/../lib/gcc/arm-none-eabi/4.6.2/../../../../arm-none-eabi/lib/armv7-m/libstdc++.a(pure.o)
                0x0000cc44                __cxa_pure_virtual
 .text._ZNK10__cxxabiv117__class_type_info11__do_upcastEPKS0_PPv
                0x0000cc5c       0x38 /usr/local/lpcxpresso_5.2.4_2122/lpcxpresso/tools/bin/../lib/gcc/arm-none-eabi/4.6.2/../../../../arm-none-eabi/lib/armv7-m/libstdc++.a(class_type_info.o)
                0x0000cc5c                _ZNK10__cxxabiv117__class_type_info11__do_upcastEPKS0_PPv
 .text._ZNK10__cxxabiv117__class_type_info20__do_find_public_srcEiPKvPKS0_S2_
                0x0000cc94        0xc /usr/local/lpcxpresso_5.2.4_2122/lpcxpresso/tools/bin/../lib/gcc/arm-none-eabi/4.6.2/../../../../arm-none-eabi/lib/armv7-m/libstdc++.a(class_type_info.o)
                0x0000cc94                _ZNK10__cxxabiv117__class_type_info20__do_find_public_srcEiPKvPKS0_S2_
 .text._ZNK10__cxxabiv117__class_type_info11__do_upcastEPKS0_PKvRNS0_15__upcast_resultE
                0x0000cca0       0x1c /usr/local/lpcxpresso_5.2.4_2122/lpcxpresso/tools/bin/../lib/gcc/arm-none-eabi/4.6.2/../../../../arm-none-eabi/lib/armv7-m/libstdc++.a(class_type_info.o)
                0x0000cca0                _ZNK10__cxxabiv117__class_type_info11__do_upcastEPKS0_PKvRNS0_15__upcast_resultE
 .text._ZN10__cxxabiv117__class_type_infoD2Ev
                0x0000ccbc       0x14 /usr/local/lpcxpresso_5.2.4_2122/lpcxpresso/tools/bin/../lib/gcc/arm-none-eabi/4.6.2/../../../../arm-none-eabi/lib/armv7-m/libstdc++.a(class_type_info.o)
                0x0000ccbc                _ZN10__cxxabiv117__class_type_infoD1Ev
                0x0000ccbc                _ZN10__cxxabiv117__class_type_infoD2Ev
 .text._ZN10__cxxabiv117__class_type_infoD0Ev
                0x0000ccd0       0x1c /usr/local/lpcxpresso_5.2.4_2122/lpcxpresso/tools/bin/../lib/gcc/arm-none-eabi/4.6.2/../../../../arm-none-eabi/lib/armv7-m/libstdc++.a(class_type_info.o)
                0x0000ccd0                _ZN10__cxxabiv117__class_type_infoD0Ev
 .text._ZNK10__cxxabiv117__class_type_info12__do_dyncastEiNS0_10__sub_kindEPKS0_PKvS3_S5_RNS0_16__dyncast_resultE
                0x0000ccec       0x3c /usr/local/lpcxpresso_5.2.4_2122/lpcxpresso/tools/bin/../lib/gcc/arm-none-eabi/4.6.2/../../../../arm-none-eabi/lib/armv7-m/libstdc++.a(class_type_info.o)
                0x0000ccec                _ZNK10__cxxabiv117__class_type_info12__do_dyncastEiNS0_10__sub_kindEPKS0_PKvS3_S5_RNS0_16__dyncast_resultE
 .text._ZNK10__cxxabiv117__class_type_info10__do_catchEPKSt9type_infoPPvj
                0x0000cd28       0x28 /usr/local/lpcxpresso_5.2.4_2122/lpcxpresso/tools/bin/../lib/gcc/arm-none-eabi/4.6.2/../../../../arm-none-eabi/lib/armv7-m/libstdc++.a(class_type_info.o)
                0x0000cd28                _ZNK10__cxxabiv117__class_type_info10__do_catchEPKSt9type_infoPPvj
 .text._ZN10__cxxabiv121__vmi_class_type_infoD2Ev
                0x0000cd50       0x14 /usr/local/lpcxpresso_5.2.4_2122/lpcxpresso/tools/bin/../lib/gcc/arm-none-eabi/4.6.2/../../../../arm-none-eabi/lib/armv7-m/libstdc++.a(vmi_class_type_info.o)
                0x0000cd50                _ZN10__cxxabiv121__vmi_class_type_infoD1Ev
                0x0000cd50                _ZN10__cxxabiv121__vmi_class_type_infoD2Ev
 .text._ZN10__cxxabiv121__vmi_class_type_infoD0Ev
                0x0000cd64       0x1c /usr/local/lpcxpresso_5.2.4_2122/lpcxpresso/tools/bin/../lib/gcc/arm-none-eabi/4.6.2/../../../../arm-none-eabi/lib/armv7-m/libstdc++.a(vmi_class_type_info.o)
                0x0000cd64                _ZN10__cxxabiv121__vmi_class_type_infoD0Ev
 .text._ZNK10__cxxabiv121__vmi_class_type_info20__do_find_public_srcEiPKvPKNS_17__class_type_infoES2_
                0x0000cd80       0xe0 /usr/local/lpcxpresso_5.2.4_2122/lpcxpresso/tools/bin/../lib/gcc/arm-none-eabi/4.6.2/../../../../arm-none-eabi/lib/armv7-m/libstdc++.a(vmi_class_type_info.o)
                0x0000cd80                _ZNK10__cxxabiv121__vmi_class_type_info20__do_find_public_srcEiPKvPKNS_17__class_type_infoES2_
 .text._ZNK10__cxxabiv121__vmi_class_type_info11__do_upcastEPKNS_17__class_type_infoEPKvRNS1_15__upcast_resultE
                0x0000ce60      0x154 /usr/local/lpcxpresso_5.2.4_2122/lpcxpresso/tools/bin/../lib/gcc/arm-none-eabi/4.6.2/../../../../arm-none-eabi/lib/armv7-m/libstdc++.a(vmi_class_type_info.o)
                0x0000ce60                _ZNK10__cxxabiv121__vmi_class_type_info11__do_upcastEPKNS_17__class_type_infoEPKvRNS1_15__upcast_resultE
 .text._ZNK10__cxxabiv121__vmi_class_type_info12__do_dyncastEiNS_17__class_type_info10__sub_kindEPKS1_PKvS4_S6_RNS1_16__dyncast_resultE
                0x0000cfb4      0x3c8 /usr/local/lpcxpresso_5.2.4_2122/lpcxpresso/tools/bin/../lib/gcc/arm-none-eabi/4.6.2/../../../../arm-none-eabi/lib/armv7-m/libstdc++.a(vmi_class_type_info.o)
                0x0000cfb4                _ZNK10__cxxabiv121__vmi_class_type_info12__do_dyncastEiNS_17__class_type_info10__sub_kindEPKS1_PKvS4_S6_RNS1_16__dyncast_resultE
 .text._ZN10__cxxabiv111__terminateEPFvvE
                0x0000d37c       0x28 /usr/local/lpcxpresso_5.2.4_2122/lpcxpresso/tools/bin/../lib/gcc/arm-none-eabi/4.6.2/../../../../arm-none-eabi/lib/armv7-m/libstdc++.a(eh_terminate.o)
                0x0000d37c                _ZN10__cxxabiv111__terminateEPFvvE
 .text._ZSt9terminatev
                0x0000d3a4       0x10 /usr/local/lpcxpresso_5.2.4_2122/lpcxpresso/tools/bin/../lib/gcc/arm-none-eabi/4.6.2/../../../../arm-none-eabi/lib/armv7-m/libstdc++.a(eh_terminate.o)
                0x0000d3a4                _ZSt9terminatev
 .text._ZN10__cxxabiv112__unexpectedEPFvvE
                0x0000d3b4        0x8 /usr/local/lpcxpresso_5.2.4_2122/lpcxpresso/tools/bin/../lib/gcc/arm-none-eabi/4.6.2/../../../../arm-none-eabi/lib/armv7-m/libstdc++.a(eh_terminate.o)
                0x0000d3b4                _ZN10__cxxabiv112__unexpectedEPFvvE
 .text._ZSt10unexpectedv
                0x0000d3bc       0x14 /usr/local/lpcxpresso_5.2.4_2122/lpcxpresso/tools/bin/../lib/gcc/arm-none-eabi/4.6.2/../../../../arm-none-eabi/lib/armv7-m/libstdc++.a(eh_terminate.o)
                0x0000d3bc                _ZSt10unexpectedv
 .text._ZNSt9type_infoD2Ev
                0x0000d3d0        0xc /usr/local/lpcxpresso_5.2.4_2122/lpcxpresso/tools/bin/../lib/gcc/arm-none-eabi/4.6.2/../../../../arm-none-eabi/lib/armv7-m/libstdc++.a(tinfo.o)
                0x0000d3d0                _ZNSt9type_infoD1Ev
                0x0000d3d0                _ZNSt9type_infoD2Ev
 .text._ZNKSt9type_info14__is_pointer_pEv
                0x0000d3dc        0x4 /usr/local/lpcxpresso_5.2.4_2122/lpcxpresso/tools/bin/../lib/gcc/arm-none-eabi/4.6.2/../../../../arm-none-eabi/lib/armv7-m/libstdc++.a(tinfo.o)
                0x0000d3dc                _ZNKSt9type_info14__is_pointer_pEv
 .text._ZNKSt9type_info15__is_function_pEv
                0x0000d3e0        0x4 /usr/local/lpcxpresso_5.2.4_2122/lpcxpresso/tools/bin/../lib/gcc/arm-none-eabi/4.6.2/../../../../arm-none-eabi/lib/armv7-m/libstdc++.a(tinfo.o)
                0x0000d3e0                _ZNKSt9type_info15__is_function_pEv
 .text._ZNKSt9type_info11__do_upcastEPKN10__cxxabiv117__class_type_infoEPPv
                0x0000d3e4        0x4 /usr/local/lpcxpresso_5.2.4_2122/lpcxpresso/tools/bin/../lib/gcc/arm-none-eabi/4.6.2/../../../../arm-none-eabi/lib/armv7-m/libstdc++.a(tinfo.o)
                0x0000d3e4                _ZNKSt9type_info11__do_upcastEPKN10__cxxabiv117__class_type_infoEPPv
 .text._ZNSt9type_infoD0Ev
                0x0000d3e8       0x14 /usr/local/lpcxpresso_5.2.4_2122/lpcxpresso/tools/bin/../lib/gcc/arm-none-eabi/4.6.2/../../../../arm-none-eabi/lib/armv7-m/libstdc++.a(tinfo.o)
                0x0000d3e8                _ZNSt9type_infoD0Ev
 .text._ZNKSt9type_infoeqERKS_
                0x0000d3fc       0x30 /usr/local/lpcxpresso_5.2.4_2122/lpcxpresso/tools/bin/../lib/gcc/arm-none-eabi/4.6.2/../../../../arm-none-eabi/lib/armv7-m/libstdc++.a(tinfo.o)
                0x0000d3fc                _ZNKSt9type_infoeqERKS_
 .text._ZNKSt9type_info10__do_catchEPKS_PPvj
                0x0000d42c        0x4 /usr/local/lpcxpresso_5.2.4_2122/lpcxpresso/tools/bin/../lib/gcc/arm-none-eabi/4.6.2/../../../../arm-none-eabi/lib/armv7-m/libstdc++.a(tinfo.o)
                0x0000d42c                _ZNKSt9type_info10__do_catchEPKS_PPvj
 .text.__cxa_call_terminate
                0x0000d430       0x50 /usr/local/lpcxpresso_5.2.4_2122/lpcxpresso/tools/bin/../lib/gcc/arm-none-eabi/4.6.2/../../../../arm-none-eabi/lib/armv7-m/libstdc++.a(eh_call.o)
                0x0000d430                __cxa_call_terminate
 .text.__cxa_call_unexpected
                0x0000d480      0x120 /usr/local/lpcxpresso_5.2.4_2122/lpcxpresso/tools/bin/../lib/gcc/arm-none-eabi/4.6.2/../../../../arm-none-eabi/lib/armv7-m/libstdc++.a(eh_call.o)
                0x0000d480                __cxa_call_unexpected
 .text.__cxa_end_cleanup
                0x0000d5a0        0xc /usr/local/lpcxpresso_5.2.4_2122/lpcxpresso/tools/bin/../lib/gcc/arm-none-eabi/4.6.2/../../../../arm-none-eabi/lib/armv7-m/libstdc++.a(eh_arm.o)
                0x0000d5a0                __cxa_end_cleanup
 .text.__cxa_type_match
                0x0000d5ac       0xec /usr/local/lpcxpresso_5.2.4_2122/lpcxpresso/tools/bin/../lib/gcc/arm-none-eabi/4.6.2/../../../../arm-none-eabi/lib/armv7-m/libstdc++.a(eh_arm.o)
                0x0000d5ac                __cxa_type_match
 .text.__cxa_begin_cleanup
                0x0000d698       0x78 /usr/local/lpcxpresso_5.2.4_2122/lpcxpresso/tools/bin/../lib/gcc/arm-none-eabi/4.6.2/../../../../arm-none-eabi/lib/armv7-m/libstdc++.a(eh_arm.o)
                0x0000d698                __cxa_begin_cleanup
 .text.__gnu_end_cleanup
                0x0000d710       0x7c /usr/local/lpcxpresso_5.2.4_2122/lpcxpresso/tools/bin/../lib/gcc/arm-none-eabi/4.6.2/../../../../arm-none-eabi/lib/armv7-m/libstdc++.a(eh_arm.o)
                0x0000d710                __gnu_end_cleanup
 .text.__cxa_bad_typeid
                0x0000d78c       0x24 /usr/local/lpcxpresso_5.2.4_2122/lpcxpresso/tools/bin/../lib/gcc/arm-none-eabi/4.6.2/../../../../arm-none-eabi/lib/armv7-m/libstdc++.a(eh_aux_runtime.o)
                0x0000d78c                __cxa_bad_typeid
 .text.__cxa_get_globals_fast
                0x0000d7b0        0xc /usr/local/lpcxpresso_5.2.4_2122/lpcxpresso/tools/bin/../lib/gcc/arm-none-eabi/4.6.2/../../../../arm-none-eabi/lib/armv7-m/libstdc++.a(eh_globals.o)
                0x0000d7b0                __cxa_get_globals_fast
 .text.__cxa_get_globals
                0x0000d7bc        0xc /usr/local/lpcxpresso_5.2.4_2122/lpcxpresso/tools/bin/../lib/gcc/arm-none-eabi/4.6.2/../../../../arm-none-eabi/lib/armv7-m/libstdc++.a(eh_globals.o)
                0x0000d7bc                __cxa_get_globals
 .text.__cxa_begin_catch
                0x0000d7c8       0x98 /usr/local/lpcxpresso_5.2.4_2122/lpcxpresso/tools/bin/../lib/gcc/arm-none-eabi/4.6.2/../../../../arm-none-eabi/lib/armv7-m/libstdc++.a(eh_catch.o)
                0x0000d7c8                __cxa_begin_catch
 .text.__cxa_end_catch
                0x0000d860       0x98 /usr/local/lpcxpresso_5.2.4_2122/lpcxpresso/tools/bin/../lib/gcc/arm-none-eabi/4.6.2/../../../../arm-none-eabi/lib/armv7-m/libstdc++.a(eh_catch.o)
                0x0000d860                __cxa_end_catch
 .text._ZNSt9exceptionD2Ev
                0x0000d8f8        0xc /usr/local/lpcxpresso_5.2.4_2122/lpcxpresso/tools/bin/../lib/gcc/arm-none-eabi/4.6.2/../../../../arm-none-eabi/lib/armv7-m/libstdc++.a(eh_exception.o)
                0x0000d8f8                _ZNSt9exceptionD2Ev
                0x0000d8f8                _ZNSt9exceptionD1Ev
 .text._ZNSt13bad_exceptionD2Ev
                0x0000d904        0xc /usr/local/lpcxpresso_5.2.4_2122/lpcxpresso/tools/bin/../lib/gcc/arm-none-eabi/4.6.2/../../../../arm-none-eabi/lib/armv7-m/libstdc++.a(eh_exception.o)
                0x0000d904                _ZNSt13bad_exceptionD2Ev
                0x0000d904                _ZNSt13bad_exceptionD1Ev
 .text._ZNKSt9exception4whatEv
                0x0000d910        0xc /usr/local/lpcxpresso_5.2.4_2122/lpcxpresso/tools/bin/../lib/gcc/arm-none-eabi/4.6.2/../../../../arm-none-eabi/lib/armv7-m/libstdc++.a(eh_exception.o)
                0x0000d910                _ZNKSt9exception4whatEv
 .text._ZNKSt13bad_exception4whatEv
                0x0000d91c        0xc /usr/local/lpcxpresso_5.2.4_2122/lpcxpresso/tools/bin/../lib/gcc/arm-none-eabi/4.6.2/../../../../arm-none-eabi/lib/armv7-m/libstdc++.a(eh_exception.o)
                0x0000d91c                _ZNKSt13bad_exception4whatEv
 .text._ZNSt13bad_exceptionD0Ev
                0x0000d928       0x14 /usr/local/lpcxpresso_5.2.4_2122/lpcxpresso/tools/bin/../lib/gcc/arm-none-eabi/4.6.2/../../../../arm-none-eabi/lib/armv7-m/libstdc++.a(eh_exception.o)
                0x0000d928                _ZNSt13bad_exceptionD0Ev
 .text._ZNSt9exceptionD0Ev
                0x0000d93c       0x14 /usr/local/lpcxpresso_5.2.4_2122/lpcxpresso/tools/bin/../lib/gcc/arm-none-eabi/4.6.2/../../../../arm-none-eabi/lib/armv7-m/libstdc++.a(eh_exception.o)
                0x0000d93c                _ZNSt9exceptionD0Ev
 .text._ZL23__gxx_exception_cleanup19_Unwind_Reason_CodeP21_Unwind_Control_Block
                0x0000d950       0x4c /usr/local/lpcxpresso_5.2.4_2122/lpcxpresso/tools/bin/../lib/gcc/arm-none-eabi/4.6.2/../../../../arm-none-eabi/lib/armv7-m/libstdc++.a(eh_throw.o)
 .text.__cxa_throw
                0x0000d99c       0x80 /usr/local/lpcxpresso_5.2.4_2122/lpcxpresso/tools/bin/../lib/gcc/arm-none-eabi/4.6.2/../../../../arm-none-eabi/lib/armv7-m/libstdc++.a(eh_throw.o)
                0x0000d99c                __cxa_throw
 .text.__cxa_rethrow
                0x0000da1c       0x78 /usr/local/lpcxpresso_5.2.4_2122/lpcxpresso/tools/bin/../lib/gcc/arm-none-eabi/4.6.2/../../../../arm-none-eabi/lib/armv7-m/libstdc++.a(eh_throw.o)
                0x0000da1c                __cxa_rethrow
 .text._ZL12read_sleb128PKhPl
                0x0000da94       0x3c /usr/local/lpcxpresso_5.2.4_2122/lpcxpresso/tools/bin/../lib/gcc/arm-none-eabi/4.6.2/../../../../arm-none-eabi/lib/armv7-m/libstdc++.a(eh_personality.o)
 .text._ZL28read_encoded_value_with_basehjPKhPj
                0x0000dad0       0xa4 /usr/local/lpcxpresso_5.2.4_2122/lpcxpresso/tools/bin/../lib/gcc/arm-none-eabi/4.6.2/../../../../arm-none-eabi/lib/armv7-m/libstdc++.a(eh_personality.o)
 .text._ZL21base_of_encoded_valuehP15_Unwind_Context
                0x0000db74       0x4c /usr/local/lpcxpresso_5.2.4_2122/lpcxpresso/tools/bin/../lib/gcc/arm-none-eabi/4.6.2/../../../../arm-none-eabi/lib/armv7-m/libstdc++.a(eh_personality.o)
 .text._ZL17parse_lsda_headerP15_Unwind_ContextPKhP16lsda_header_info.constprop.1
                0x0000dbc0       0x90 /usr/local/lpcxpresso_5.2.4_2122/lpcxpresso/tools/bin/../lib/gcc/arm-none-eabi/4.6.2/../../../../arm-none-eabi/lib/armv7-m/libstdc++.a(eh_personality.o)
 .text.__gxx_personality_v0
                0x0000dc50      0x3bc /usr/local/lpcxpresso_5.2.4_2122/lpcxpresso/tools/bin/../lib/gcc/arm-none-eabi/4.6.2/../../../../arm-none-eabi/lib/armv7-m/libstdc++.a(eh_personality.o)
                0x0000dc50                __gxx_personality_v0
 .text.__cxa_allocate_exception
                0x0000e00c       0x74 /usr/local/lpcxpresso_5.2.4_2122/lpcxpresso/tools/bin/../lib/gcc/arm-none-eabi/4.6.2/../../../../arm-none-eabi/lib/armv7-m/libstdc++.a(eh_alloc.o)
                0x0000e00c                __cxa_allocate_exception
 .text.__cxa_free_exception
                0x0000e080       0x34 /usr/local/lpcxpresso_5.2.4_2122/lpcxpresso/tools/bin/../lib/gcc/arm-none-eabi/4.6.2/../../../../arm-none-eabi/lib/armv7-m/libstdc++.a(eh_alloc.o)
                0x0000e080                __cxa_free_exception
 .text._ZNKSt10bad_typeid4whatEv
                0x0000e0b4        0xc /usr/local/lpcxpresso_5.2.4_2122/lpcxpresso/tools/bin/../lib/gcc/arm-none-eabi/4.6.2/../../../../arm-none-eabi/lib/armv7-m/libstdc++.a(bad_typeid.o)
                0x0000e0b4                _ZNKSt10bad_typeid4whatEv
 .text._ZNSt10bad_typeidD2Ev
                0x0000e0c0       0x14 /usr/local/lpcxpresso_5.2.4_2122/lpcxpresso/tools/bin/../lib/gcc/arm-none-eabi/4.6.2/../../../../arm-none-eabi/lib/armv7-m/libstdc++.a(bad_typeid.o)
                0x0000e0c0                _ZNSt10bad_typeidD1Ev
                0x0000e0c0                _ZNSt10bad_typeidD2Ev
 .text._ZNSt10bad_typeidD0Ev
                0x0000e0d4       0x1c /usr/local/lpcxpresso_5.2.4_2122/lpcxpresso/tools/bin/../lib/gcc/arm-none-eabi/4.6.2/../../../../arm-none-eabi/lib/armv7-m/libstdc++.a(bad_typeid.o)
                0x0000e0d4                _ZNSt10bad_typeidD0Ev
 .text._ZN10__cxxabiv123__fundamental_type_infoD2Ev
                0x0000e0f0       0x14 /usr/local/lpcxpresso_5.2.4_2122/lpcxpresso/tools/bin/../lib/gcc/arm-none-eabi/4.6.2/../../../../arm-none-eabi/lib/armv7-m/libstdc++.a(fundamental_type_info.o)
                0x0000e0f0                _ZN10__cxxabiv123__fundamental_type_infoD1Ev
                0x0000e0f0                _ZN10__cxxabiv123__fundamental_type_infoD2Ev
 .text._ZN10__cxxabiv123__fundamental_type_infoD0Ev
                0x0000e104       0x1c /usr/local/lpcxpresso_5.2.4_2122/lpcxpresso/tools/bin/../lib/gcc/arm-none-eabi/4.6.2/../../../../arm-none-eabi/lib/armv7-m/libstdc++.a(fundamental_type_info.o)
                0x0000e104                _ZN10__cxxabiv123__fundamental_type_infoD0Ev
 .text._ZNK10__cxxabiv119__pointer_type_info14__is_pointer_pEv
                0x0000e120        0x4 /usr/local/lpcxpresso_5.2.4_2122/lpcxpresso/tools/bin/../lib/gcc/arm-none-eabi/4.6.2/../../../../arm-none-eabi/lib/armv7-m/libstdc++.a(pointer_type_info.o)
                0x0000e120                _ZNK10__cxxabiv119__pointer_type_info14__is_pointer_pEv
 .text._ZN10__cxxabiv119__pointer_type_infoD2Ev
                0x0000e124       0x14 /usr/local/lpcxpresso_5.2.4_2122/lpcxpresso/tools/bin/../lib/gcc/arm-none-eabi/4.6.2/../../../../arm-none-eabi/lib/armv7-m/libstdc++.a(pointer_type_info.o)
                0x0000e124                _ZN10__cxxabiv119__pointer_type_infoD1Ev
                0x0000e124                _ZN10__cxxabiv119__pointer_type_infoD2Ev
 .text._ZN10__cxxabiv119__pointer_type_infoD0Ev
                0x0000e138       0x1c /usr/local/lpcxpresso_5.2.4_2122/lpcxpresso/tools/bin/../lib/gcc/arm-none-eabi/4.6.2/../../../../arm-none-eabi/lib/armv7-m/libstdc++.a(pointer_type_info.o)
                0x0000e138                _ZN10__cxxabiv119__pointer_type_infoD0Ev
 .text._ZNK10__cxxabiv119__pointer_type_info15__pointer_catchEPKNS_17__pbase_type_infoEPPvj
                0x0000e154       0x44 /usr/local/lpcxpresso_5.2.4_2122/lpcxpresso/tools/bin/../lib/gcc/arm-none-eabi/4.6.2/../../../../arm-none-eabi/lib/armv7-m/libstdc++.a(pointer_type_info.o)
                0x0000e154                _ZNK10__cxxabiv119__pointer_type_info15__pointer_catchEPKNS_17__pbase_type_infoEPPvj
 .text._ZNK10__cxxabiv117__pbase_type_info15__pointer_catchEPKS0_PPvj
                0x0000e198       0x10 /usr/local/lpcxpresso_5.2.4_2122/lpcxpresso/tools/bin/../lib/gcc/arm-none-eabi/4.6.2/../../../../arm-none-eabi/lib/armv7-m/libstdc++.a(pbase_type_info.o)
                0x0000e198                _ZNK10__cxxabiv117__pbase_type_info15__pointer_catchEPKS0_PPvj
 .text._ZN10__cxxabiv117__pbase_type_infoD2Ev
                0x0000e1a8       0x14 /usr/local/lpcxpresso_5.2.4_2122/lpcxpresso/tools/bin/../lib/gcc/arm-none-eabi/4.6.2/../../../../arm-none-eabi/lib/armv7-m/libstdc++.a(pbase_type_info.o)
                0x0000e1a8                _ZN10__cxxabiv117__pbase_type_infoD1Ev
                0x0000e1a8                _ZN10__cxxabiv117__pbase_type_infoD2Ev
 .text._ZN10__cxxabiv117__pbase_type_infoD0Ev
                0x0000e1bc       0x1c /usr/local/lpcxpresso_5.2.4_2122/lpcxpresso/tools/bin/../lib/gcc/arm-none-eabi/4.6.2/../../../../arm-none-eabi/lib/armv7-m/libstdc++.a(pbase_type_info.o)
                0x0000e1bc                _ZN10__cxxabiv117__pbase_type_infoD0Ev
 .text._ZNK10__cxxabiv117__pbase_type_info10__do_catchEPKSt9type_infoPPvj
                0x0000e1d8       0x68 /usr/local/lpcxpresso_5.2.4_2122/lpcxpresso/tools/bin/../lib/gcc/arm-none-eabi/4.6.2/../../../../arm-none-eabi/lib/armv7-m/libstdc++.a(pbase_type_info.o)
                0x0000e1d8                _ZNK10__cxxabiv117__pbase_type_info10__do_catchEPKSt9type_infoPPvj
 .text.fabs     0x0000e240        0x8 /usr/local/lpcxpresso_5.2.4_2122/lpcxpresso/tools/bin/../lib/gcc/arm-none-eabi/4.6.2/../../../../arm-none-eabi/lib/armv7-m/libm.a(lib_a-s_fabs.o)
                0x0000e240                fabs
 .text.floor    0x0000e248      0x130 /usr/local/lpcxpresso_5.2.4_2122/lpcxpresso/tools/bin/../lib/gcc/arm-none-eabi/4.6.2/../../../../arm-none-eabi/lib/armv7-m/libm.a(lib_a-s_floor.o)
                0x0000e248                floor
 .text._sbrk    0x0000e378       0x3c /usr/local/lpcxpresso_5.2.4_2122/lpcxpresso/tools/bin/../lib/gcc/arm-none-eabi/4.6.2/../../../../arm-none-eabi/lib/armv7-m/libcr_newlib_nohost.a(_cr_sbrk.o)
                0x0000e378                _sbrk
 .text.abort    0x0000e3b4        0x2 /usr/local/lpcxpresso_5.2.4_2122/lpcxpresso/tools/bin/../lib/gcc/arm-none-eabi/4.6.2/../../../../arm-none-eabi/lib/armv7-m/libcr_newlib_nohost.a(cr_abort.o)
                0x0000e3b4                abort
 *fill*         0x0000e3b6        0x2 00
 .text.__check_heap_overflow
                0x0000e3b8       0x2c /usr/local/lpcxpresso_5.2.4_2122/lpcxpresso/tools/bin/../lib/gcc/arm-none-eabi/4.6.2/../../../../arm-none-eabi/lib/armv7-m/libcr_newlib_nohost.a(_cr_check_heap.o)
                0x0000e3b8                __check_heap_overflow
 .text          0x0000e3e4       0x54 /usr/local/lpcxpresso_5.2.4_2122/lpcxpresso/tools/bin/../lib/gcc/arm-none-eabi/4.6.2/armv7-m/crtbegin.o
 .text          0x0000e438       0x40 /usr/local/lpcxpresso_5.2.4_2122/lpcxpresso/tools/bin/../lib/gcc/arm-none-eabi/4.6.2/armv7-m/libgcc.a(_arm_fixunsdfsi.o)
                0x0000e438                __fixunsdfsi
                0x0000e438                __aeabi_d2uiz
 .text          0x0000e478      0xb50 /usr/local/lpcxpresso_5.2.4_2122/lpcxpresso/tools/bin/../lib/gcc/arm-none-eabi/4.6.2/armv7-m/libgcc.a(unwind-arm.o)
                0x0000e720                _Unwind_VRS_Get
                0x0000e760                _Unwind_VRS_Set
                0x0000eab8                __aeabi_unwind_cpp_pr2
                0x0000eabc                __aeabi_unwind_cpp_pr1
                0x0000eac0                __aeabi_unwind_cpp_pr0
                0x0000eac4                _Unwind_VRS_Pop
                0x0000ee78                _Unwind_GetCFA
                0x0000ee7c                __gnu_Unwind_RaiseException
                0x0000eee0                __gnu_Unwind_ForcedUnwind
                0x0000eef4                __gnu_Unwind_Resume
                0x0000ef30                __gnu_Unwind_Resume_or_Rethrow
                0x0000ef40                _Unwind_Complete
                0x0000ef44                _Unwind_DeleteException
                0x0000ef54                __gnu_Unwind_Backtrace
 .text          0x0000efc8      0x1ac /usr/local/lpcxpresso_5.2.4_2122/lpcxpresso/tools/bin/../lib/gcc/arm-none-eabi/4.6.2/armv7-m/libgcc.a(libunwind.o)
                0x0000efc8                __restore_core_regs
                0x0000efc8                restore_core_regs
                0x0000efe0                __gnu_Unwind_Restore_VFP
                0x0000efe8                __gnu_Unwind_Save_VFP
                0x0000eff0                __gnu_Unwind_Restore_VFP_D
                0x0000eff8                __gnu_Unwind_Save_VFP_D
                0x0000f000                __gnu_Unwind_Restore_VFP_D_16_to_31
                0x0000f008                __gnu_Unwind_Save_VFP_D_16_to_31
                0x0000f010                __gnu_Unwind_Restore_WMMXD
                0x0000f054                __gnu_Unwind_Save_WMMXD
                0x0000f098                __gnu_Unwind_Restore_WMMXC
                0x0000f0ac                __gnu_Unwind_Save_WMMXC
                0x0000f0c0                ___Unwind_RaiseException
                0x0000f0c0                _Unwind_RaiseException
                0x0000f0e4                ___Unwind_Resume
                0x0000f0e4                _Unwind_Resume
                0x0000f108                _Unwind_Resume_or_Rethrow
                0x0000f108                ___Unwind_Resume_or_Rethrow
                0x0000f12c                ___Unwind_ForcedUnwind
                0x0000f12c                _Unwind_ForcedUnwind
                0x0000f150                _Unwind_Backtrace
                0x0000f150                ___Unwind_Backtrace
 .text          0x0000f174      0x378 /usr/local/lpcxpresso_5.2.4_2122/lpcxpresso/tools/bin/../lib/gcc/arm-none-eabi/4.6.2/armv7-m/libgcc.a(pr-support.o)
                0x0000f1c8                __gnu_unwind_execute
                0x0000f494                __gnu_unwind_frame
                0x0000f4bc                _Unwind_GetRegionStart
                0x0000f4c8                _Unwind_GetLanguageSpecificData
                0x0000f4dc                _Unwind_GetDataRelBase
                0x0000f4e4                _Unwind_GetTextRelBase
 .text.write    0x0000f4ec       0x1c /usr/local/lpcxpresso_5.2.4_2122/lpcxpresso/tools/bin/../lib/gcc/arm-none-eabi/4.6.2/../../../../arm-none-eabi/lib/armv7-m/libc.a(lib_a-syswrite.o)
                0x0000f4ec                write
 *(.rodata .rodata.*)
 .rodata        0x0000f508       0x4c ./main.o
 .rodata._ZTSN4mbed6SerialE
                0x0000f554       0x10 /media/data/coding/GSoC/AVT/optic-flow/optic-flow/mbed/LPC1768/GCC_CR/libmbed.a(Serial.o)
                0x0000f554                _ZTSN4mbed6SerialE
 *fill*         0x0000f564        0x4 00
 .rodata._ZTVN4mbed6SerialE
                0x0000f568       0x48 /media/data/coding/GSoC/AVT/optic-flow/optic-flow/mbed/LPC1768/GCC_CR/libmbed.a(Serial.o)
                0x0000f568                _ZTVN4mbed6SerialE
 .rodata._ZTIN4mbed6SerialE
                0x0000f5b0        0xc /media/data/coding/GSoC/AVT/optic-flow/optic-flow/mbed/LPC1768/GCC_CR/libmbed.a(Serial.o)
                0x0000f5b0                _ZTIN4mbed6SerialE
 .rodata._ZTIN4mbed3SPIE
                0x0000f5bc        0x8 /media/data/coding/GSoC/AVT/optic-flow/optic-flow/mbed/LPC1768/GCC_CR/libmbed.a(SPI.o)
                0x0000f5bc                _ZTIN4mbed3SPIE
 *fill*         0x0000f5c4        0x4 00
 .rodata._ZTVN4mbed3SPIE
                0x0000f5c8       0x10 /media/data/coding/GSoC/AVT/optic-flow/optic-flow/mbed/LPC1768/GCC_CR/libmbed.a(SPI.o)
                0x0000f5c8                _ZTVN4mbed3SPIE
 .rodata._ZTSN4mbed3SPIE
                0x0000f5d8        0xc /media/data/coding/GSoC/AVT/optic-flow/optic-flow/mbed/LPC1768/GCC_CR/libmbed.a(SPI.o)
                0x0000f5d8                _ZTSN4mbed3SPIE
 .rodata.__stdin_name
                0x0000f5e4        0x8 /media/data/coding/GSoC/AVT/optic-flow/optic-flow/mbed/LPC1768/GCC_CR/libmbed.a(stdio.o)
                0x0000f5e4                __stdin_name
 .rodata.__stderr_name
                0x0000f5ec        0x8 /media/data/coding/GSoC/AVT/optic-flow/optic-flow/mbed/LPC1768/GCC_CR/libmbed.a(stdio.o)
                0x0000f5ec                __stderr_name
 .rodata._ZTSN4mbed10FileHandleE
                0x0000f5f4       0x14 /media/data/coding/GSoC/AVT/optic-flow/optic-flow/mbed/LPC1768/GCC_CR/libmbed.a(stdio.o)
                0x0000f5f4                _ZTSN4mbed10FileHandleE
 .rodata.__stdout_name
                0x0000f608        0x8 /media/data/coding/GSoC/AVT/optic-flow/optic-flow/mbed/LPC1768/GCC_CR/libmbed.a(stdio.o)
                0x0000f608                __stdout_name
 .rodata._ZTIN4mbed10FileHandleE
                0x0000f610        0x8 /media/data/coding/GSoC/AVT/optic-flow/optic-flow/mbed/LPC1768/GCC_CR/libmbed.a(stdio.o)
                0x0000f610                _ZTIN4mbed10FileHandleE
 .rodata._ZTVN4mbed10FileHandleE
                0x0000f618       0x30 /media/data/coding/GSoC/AVT/optic-flow/optic-flow/mbed/LPC1768/GCC_CR/libmbed.a(stdio.o)
                0x0000f618                _ZTVN4mbed10FileHandleE
 .rodata.str1.4
                0x0000f648        0xe /media/data/coding/GSoC/AVT/optic-flow/optic-flow/mbed/LPC1768/GCC_CR/libmbed.a(stdio.o)
                                 0x10 (size before relaxing)
 *fill*         0x0000f656        0x2 00
 .rodata._ZTVN4mbed6StreamE
                0x0000f658       0x48 /media/data/coding/GSoC/AVT/optic-flow/optic-flow/mbed/LPC1768/GCC_CR/libmbed.a(Stream.o)
                0x0000f658                _ZTVN4mbed6StreamE
 .rodata._ZTIN4mbed6StreamE
                0x0000f6a0        0xc /media/data/coding/GSoC/AVT/optic-flow/optic-flow/mbed/LPC1768/GCC_CR/libmbed.a(Stream.o)
                0x0000f6a0                _ZTIN4mbed6StreamE
 .rodata.str1.4
                0x0000f6ac        0x3 /media/data/coding/GSoC/AVT/optic-flow/optic-flow/mbed/LPC1768/GCC_CR/libmbed.a(Stream.o)
                                  0x8 (size before relaxing)
 *fill*         0x0000f6af        0x1 00
 .rodata._ZTSN4mbed6StreamE
                0x0000f6b0       0x10 /media/data/coding/GSoC/AVT/optic-flow/optic-flow/mbed/LPC1768/GCC_CR/libmbed.a(Stream.o)
                0x0000f6b0                _ZTSN4mbed6StreamE
 .rodata.PinMap_UART_RX
                0x0000f6c0       0x6c /media/data/coding/GSoC/AVT/optic-flow/optic-flow/mbed/LPC1768/GCC_CR/libmbed.a(serial_api.o)
 .rodata.str1.4
                0x0000f72c       0xa5 /media/data/coding/GSoC/AVT/optic-flow/optic-flow/mbed/LPC1768/GCC_CR/libmbed.a(serial_api.o)
                                 0xa8 (size before relaxing)
 *fill*         0x0000f7d1        0x3 00
 .rodata.PinMap_UART_TX
                0x0000f7d4       0x6c /media/data/coding/GSoC/AVT/optic-flow/optic-flow/mbed/LPC1768/GCC_CR/libmbed.a(serial_api.o)
 .rodata.PinMap_SPI_MISO
                0x0000f840       0x3c /media/data/coding/GSoC/AVT/optic-flow/optic-flow/mbed/LPC1768/GCC_CR/libmbed.a(spi_api.o)
 .rodata.PinMap_SPI_SCLK
                0x0000f87c       0x3c /media/data/coding/GSoC/AVT/optic-flow/optic-flow/mbed/LPC1768/GCC_CR/libmbed.a(spi_api.o)
 .rodata.str1.4
                0x0000f8b8       0x56 /media/data/coding/GSoC/AVT/optic-flow/optic-flow/mbed/LPC1768/GCC_CR/libmbed.a(spi_api.o)
                                 0x58 (size before relaxing)
 *fill*         0x0000f90e        0x2 00
 .rodata.PinMap_SPI_MOSI
                0x0000f910       0x3c /media/data/coding/GSoC/AVT/optic-flow/optic-flow/mbed/LPC1768/GCC_CR/libmbed.a(spi_api.o)
 .rodata.PinMap_SPI_SSEL
                0x0000f94c       0x3c /media/data/coding/GSoC/AVT/optic-flow/optic-flow/mbed/LPC1768/GCC_CR/libmbed.a(spi_api.o)
 .rodata.str1.4
                0x0000f988       0x48 /media/data/coding/GSoC/AVT/optic-flow/optic-flow/mbed/LPC1768/GCC_CR/libmbed.a(pinmap_common.o)
 .rodata._ZTIN4mbed8FileLikeE
                0x0000f9d0       0x20 /media/data/coding/GSoC/AVT/optic-flow/optic-flow/mbed/LPC1768/GCC_CR/libmbed.a(FileLike.o)
                0x0000f9d0                _ZTIN4mbed8FileLikeE
 .rodata._ZTSN4mbed8FileLikeE
                0x0000f9f0       0x14 /media/data/coding/GSoC/AVT/optic-flow/optic-flow/mbed/LPC1768/GCC_CR/libmbed.a(FileLike.o)